--------------------------------------------------------------------------------
Release 14.6 Trace  (nt64)
Copyright (c) 1995-2013 Xilinx, Inc.  All rights reserved.

C:\Xilinx\14.6\ISE_DS\ISE\bin\nt64\unwrapped\trce.exe -intstyle ise -v 3 -s 3
-n 3 -fastpaths -xml adder.twx adder.ncd -o adder.twr adder.pcf

Design file:              adder.ncd
Physical constraint file: adder.pcf
Device,package,speed:     xc6slx75,fgg484,C,-3 (PRODUCTION 1.23 2013-06-08)
Report level:             verbose report

Environment Variable      Effect 
--------------------      ------ 
NONE                      No environment variables were set
--------------------------------------------------------------------------------

INFO:Timing:2698 - No timing constraints found, doing default enumeration.
INFO:Timing:3412 - To improve timing, see the Timing Closure User Guide (UG612).
INFO:Timing:2752 - To get complete path coverage, use the unconstrained paths 
   option. All paths that are not constrained will be reported in the 
   unconstrained paths section(s) of the report.
INFO:Timing:3339 - The clock-to-out numbers in this timing report are based on 
   a 50 Ohm transmission line loading model.  For the details of this model, 
   and for more information on accounting for different loading conditions, 
   please see the device datasheet.



Data Sheet report:
-----------------
All values displayed in nanoseconds (ns)

Pad to Pad
---------------+---------------+---------+
Source Pad     |Destination Pad|  Delay  |
---------------+---------------+---------+
param_1<0>     |result<0>      |   17.346|
param_1<0>     |result<1>      |   17.426|
param_1<0>     |result<2>      |   17.740|
param_1<0>     |result<3>      |   17.768|
param_1<0>     |result<4>      |   17.854|
param_1<0>     |result<5>      |   17.938|
param_1<0>     |result<6>      |   18.065|
param_1<0>     |result<7>      |   18.107|
param_1<0>     |result<8>      |   19.287|
param_1<0>     |result<9>      |   19.377|
param_1<0>     |result<10>     |   19.545|
param_1<0>     |result<11>     |   19.586|
param_1<0>     |result<12>     |   19.905|
param_1<0>     |result<13>     |   19.995|
param_1<0>     |result<14>     |   20.016|
param_1<0>     |result<15>     |   19.904|
param_1<0>     |result<16>     |   20.121|
param_1<0>     |result<17>     |   20.211|
param_1<0>     |result<18>     |   20.702|
param_1<0>     |result<19>     |   20.900|
param_1<0>     |result<20>     |   20.871|
param_1<0>     |result<21>     |   20.961|
param_1<0>     |result<22>     |   20.349|
param_1<0>     |result<23>     |   20.158|
param_1<0>     |result<24>     |   20.289|
param_1<0>     |result<25>     |   20.379|
param_1<0>     |result<26>     |   20.208|
param_1<0>     |result<27>     |   20.017|
param_1<0>     |result<28>     |   20.202|
param_1<0>     |result<29>     |   20.265|
param_1<0>     |result<30>     |   19.838|
param_1<0>     |result<31>     |   20.036|
param_1<1>     |result<1>      |   17.348|
param_1<1>     |result<2>      |   17.714|
param_1<1>     |result<3>      |   17.758|
param_1<1>     |result<4>      |   17.840|
param_1<1>     |result<5>      |   17.924|
param_1<1>     |result<6>      |   18.051|
param_1<1>     |result<7>      |   18.093|
param_1<1>     |result<8>      |   19.273|
param_1<1>     |result<9>      |   19.363|
param_1<1>     |result<10>     |   19.531|
param_1<1>     |result<11>     |   19.572|
param_1<1>     |result<12>     |   19.891|
param_1<1>     |result<13>     |   19.981|
param_1<1>     |result<14>     |   20.002|
param_1<1>     |result<15>     |   19.890|
param_1<1>     |result<16>     |   20.107|
param_1<1>     |result<17>     |   20.197|
param_1<1>     |result<18>     |   20.688|
param_1<1>     |result<19>     |   20.886|
param_1<1>     |result<20>     |   20.857|
param_1<1>     |result<21>     |   20.947|
param_1<1>     |result<22>     |   20.335|
param_1<1>     |result<23>     |   20.144|
param_1<1>     |result<24>     |   20.275|
param_1<1>     |result<25>     |   20.365|
param_1<1>     |result<26>     |   20.194|
param_1<1>     |result<27>     |   20.003|
param_1<1>     |result<28>     |   20.188|
param_1<1>     |result<29>     |   20.251|
param_1<1>     |result<30>     |   19.824|
param_1<1>     |result<31>     |   20.022|
param_1<2>     |result<2>      |   16.215|
param_1<2>     |result<3>      |   16.236|
param_1<2>     |result<4>      |   16.351|
param_1<2>     |result<5>      |   16.435|
param_1<2>     |result<6>      |   16.562|
param_1<2>     |result<7>      |   16.604|
param_1<2>     |result<8>      |   17.784|
param_1<2>     |result<9>      |   17.874|
param_1<2>     |result<10>     |   18.042|
param_1<2>     |result<11>     |   18.083|
param_1<2>     |result<12>     |   18.402|
param_1<2>     |result<13>     |   18.492|
param_1<2>     |result<14>     |   18.513|
param_1<2>     |result<15>     |   18.401|
param_1<2>     |result<16>     |   18.618|
param_1<2>     |result<17>     |   18.708|
param_1<2>     |result<18>     |   19.199|
param_1<2>     |result<19>     |   19.397|
param_1<2>     |result<20>     |   19.368|
param_1<2>     |result<21>     |   19.458|
param_1<2>     |result<22>     |   18.846|
param_1<2>     |result<23>     |   18.655|
param_1<2>     |result<24>     |   18.786|
param_1<2>     |result<25>     |   18.876|
param_1<2>     |result<26>     |   18.705|
param_1<2>     |result<27>     |   18.514|
param_1<2>     |result<28>     |   18.699|
param_1<2>     |result<29>     |   18.762|
param_1<2>     |result<30>     |   18.335|
param_1<2>     |result<31>     |   18.533|
param_1<3>     |result<3>      |   16.578|
param_1<3>     |result<4>      |   16.719|
param_1<3>     |result<5>      |   16.803|
param_1<3>     |result<6>      |   16.930|
param_1<3>     |result<7>      |   16.972|
param_1<3>     |result<8>      |   18.152|
param_1<3>     |result<9>      |   18.242|
param_1<3>     |result<10>     |   18.410|
param_1<3>     |result<11>     |   18.451|
param_1<3>     |result<12>     |   18.770|
param_1<3>     |result<13>     |   18.860|
param_1<3>     |result<14>     |   18.881|
param_1<3>     |result<15>     |   18.769|
param_1<3>     |result<16>     |   18.986|
param_1<3>     |result<17>     |   19.076|
param_1<3>     |result<18>     |   19.567|
param_1<3>     |result<19>     |   19.765|
param_1<3>     |result<20>     |   19.736|
param_1<3>     |result<21>     |   19.826|
param_1<3>     |result<22>     |   19.214|
param_1<3>     |result<23>     |   19.023|
param_1<3>     |result<24>     |   19.154|
param_1<3>     |result<25>     |   19.244|
param_1<3>     |result<26>     |   19.073|
param_1<3>     |result<27>     |   18.882|
param_1<3>     |result<28>     |   19.067|
param_1<3>     |result<29>     |   19.130|
param_1<3>     |result<30>     |   18.703|
param_1<3>     |result<31>     |   18.901|
param_1<4>     |result<4>      |   16.296|
param_1<4>     |result<5>      |   16.359|
param_1<4>     |result<6>      |   16.615|
param_1<4>     |result<7>      |   16.645|
param_1<4>     |result<8>      |   17.864|
param_1<4>     |result<9>      |   17.954|
param_1<4>     |result<10>     |   18.122|
param_1<4>     |result<11>     |   18.163|
param_1<4>     |result<12>     |   18.482|
param_1<4>     |result<13>     |   18.572|
param_1<4>     |result<14>     |   18.593|
param_1<4>     |result<15>     |   18.481|
param_1<4>     |result<16>     |   18.698|
param_1<4>     |result<17>     |   18.788|
param_1<4>     |result<18>     |   19.279|
param_1<4>     |result<19>     |   19.477|
param_1<4>     |result<20>     |   19.448|
param_1<4>     |result<21>     |   19.538|
param_1<4>     |result<22>     |   18.926|
param_1<4>     |result<23>     |   18.735|
param_1<4>     |result<24>     |   18.866|
param_1<4>     |result<25>     |   18.956|
param_1<4>     |result<26>     |   18.785|
param_1<4>     |result<27>     |   18.594|
param_1<4>     |result<28>     |   18.779|
param_1<4>     |result<29>     |   18.842|
param_1<4>     |result<30>     |   18.415|
param_1<4>     |result<31>     |   18.613|
param_1<5>     |result<5>      |   16.104|
param_1<5>     |result<6>      |   16.412|
param_1<5>     |result<7>      |   16.458|
param_1<5>     |result<8>      |   17.673|
param_1<5>     |result<9>      |   17.763|
param_1<5>     |result<10>     |   17.931|
param_1<5>     |result<11>     |   17.972|
param_1<5>     |result<12>     |   18.291|
param_1<5>     |result<13>     |   18.381|
param_1<5>     |result<14>     |   18.402|
param_1<5>     |result<15>     |   18.290|
param_1<5>     |result<16>     |   18.507|
param_1<5>     |result<17>     |   18.597|
param_1<5>     |result<18>     |   19.088|
param_1<5>     |result<19>     |   19.286|
param_1<5>     |result<20>     |   19.257|
param_1<5>     |result<21>     |   19.347|
param_1<5>     |result<22>     |   18.735|
param_1<5>     |result<23>     |   18.544|
param_1<5>     |result<24>     |   18.675|
param_1<5>     |result<25>     |   18.765|
param_1<5>     |result<26>     |   18.594|
param_1<5>     |result<27>     |   18.403|
param_1<5>     |result<28>     |   18.588|
param_1<5>     |result<29>     |   18.651|
param_1<5>     |result<30>     |   18.224|
param_1<5>     |result<31>     |   18.422|
param_1<6>     |result<6>      |   15.596|
param_1<6>     |result<7>      |   15.619|
param_1<6>     |result<8>      |   16.867|
param_1<6>     |result<9>      |   16.957|
param_1<6>     |result<10>     |   17.125|
param_1<6>     |result<11>     |   17.166|
param_1<6>     |result<12>     |   17.485|
param_1<6>     |result<13>     |   17.575|
param_1<6>     |result<14>     |   17.596|
param_1<6>     |result<15>     |   17.484|
param_1<6>     |result<16>     |   17.701|
param_1<6>     |result<17>     |   17.791|
param_1<6>     |result<18>     |   18.282|
param_1<6>     |result<19>     |   18.480|
param_1<6>     |result<20>     |   18.451|
param_1<6>     |result<21>     |   18.541|
param_1<6>     |result<22>     |   17.929|
param_1<6>     |result<23>     |   17.738|
param_1<6>     |result<24>     |   17.869|
param_1<6>     |result<25>     |   17.959|
param_1<6>     |result<26>     |   17.788|
param_1<6>     |result<27>     |   17.597|
param_1<6>     |result<28>     |   17.782|
param_1<6>     |result<29>     |   17.845|
param_1<6>     |result<30>     |   17.418|
param_1<6>     |result<31>     |   17.616|
param_1<7>     |result<7>      |   15.636|
param_1<7>     |result<8>      |   16.910|
param_1<7>     |result<9>      |   17.000|
param_1<7>     |result<10>     |   17.168|
param_1<7>     |result<11>     |   17.209|
param_1<7>     |result<12>     |   17.528|
param_1<7>     |result<13>     |   17.618|
param_1<7>     |result<14>     |   17.639|
param_1<7>     |result<15>     |   17.527|
param_1<7>     |result<16>     |   17.744|
param_1<7>     |result<17>     |   17.834|
param_1<7>     |result<18>     |   18.325|
param_1<7>     |result<19>     |   18.523|
param_1<7>     |result<20>     |   18.494|
param_1<7>     |result<21>     |   18.584|
param_1<7>     |result<22>     |   17.972|
param_1<7>     |result<23>     |   17.781|
param_1<7>     |result<24>     |   17.912|
param_1<7>     |result<25>     |   18.002|
param_1<7>     |result<26>     |   17.831|
param_1<7>     |result<27>     |   17.640|
param_1<7>     |result<28>     |   17.825|
param_1<7>     |result<29>     |   17.888|
param_1<7>     |result<30>     |   17.461|
param_1<7>     |result<31>     |   17.659|
param_1<8>     |result<8>      |   16.527|
param_1<8>     |result<9>      |   16.596|
param_1<8>     |result<10>     |   16.893|
param_1<8>     |result<11>     |   16.922|
param_1<8>     |result<12>     |   17.280|
param_1<8>     |result<13>     |   17.370|
param_1<8>     |result<14>     |   17.391|
param_1<8>     |result<15>     |   17.279|
param_1<8>     |result<16>     |   17.496|
param_1<8>     |result<17>     |   17.586|
param_1<8>     |result<18>     |   18.077|
param_1<8>     |result<19>     |   18.275|
param_1<8>     |result<20>     |   18.246|
param_1<8>     |result<21>     |   18.336|
param_1<8>     |result<22>     |   17.724|
param_1<8>     |result<23>     |   17.533|
param_1<8>     |result<24>     |   17.664|
param_1<8>     |result<25>     |   17.754|
param_1<8>     |result<26>     |   17.583|
param_1<8>     |result<27>     |   17.392|
param_1<8>     |result<28>     |   17.577|
param_1<8>     |result<29>     |   17.640|
param_1<8>     |result<30>     |   17.213|
param_1<8>     |result<31>     |   17.411|
param_1<9>     |result<9>      |   16.244|
param_1<9>     |result<10>     |   16.593|
param_1<9>     |result<11>     |   16.638|
param_1<9>     |result<12>     |   16.992|
param_1<9>     |result<13>     |   17.082|
param_1<9>     |result<14>     |   17.103|
param_1<9>     |result<15>     |   16.991|
param_1<9>     |result<16>     |   17.208|
param_1<9>     |result<17>     |   17.298|
param_1<9>     |result<18>     |   17.789|
param_1<9>     |result<19>     |   17.987|
param_1<9>     |result<20>     |   17.958|
param_1<9>     |result<21>     |   18.048|
param_1<9>     |result<22>     |   17.436|
param_1<9>     |result<23>     |   17.245|
param_1<9>     |result<24>     |   17.376|
param_1<9>     |result<25>     |   17.466|
param_1<9>     |result<26>     |   17.295|
param_1<9>     |result<27>     |   17.104|
param_1<9>     |result<28>     |   17.289|
param_1<9>     |result<29>     |   17.352|
param_1<9>     |result<30>     |   16.925|
param_1<9>     |result<31>     |   17.123|
param_1<10>    |result<10>     |   16.255|
param_1<10>    |result<11>     |   16.277|
param_1<10>    |result<12>     |   16.664|
param_1<10>    |result<13>     |   16.754|
param_1<10>    |result<14>     |   16.775|
param_1<10>    |result<15>     |   16.663|
param_1<10>    |result<16>     |   16.880|
param_1<10>    |result<17>     |   16.970|
param_1<10>    |result<18>     |   17.461|
param_1<10>    |result<19>     |   17.659|
param_1<10>    |result<20>     |   17.630|
param_1<10>    |result<21>     |   17.720|
param_1<10>    |result<22>     |   17.108|
param_1<10>    |result<23>     |   16.917|
param_1<10>    |result<24>     |   17.048|
param_1<10>    |result<25>     |   17.138|
param_1<10>    |result<26>     |   16.967|
param_1<10>    |result<27>     |   16.776|
param_1<10>    |result<28>     |   16.961|
param_1<10>    |result<29>     |   17.024|
param_1<10>    |result<30>     |   16.597|
param_1<10>    |result<31>     |   16.795|
param_1<11>    |result<11>     |   16.619|
param_1<11>    |result<12>     |   17.032|
param_1<11>    |result<13>     |   17.122|
param_1<11>    |result<14>     |   17.143|
param_1<11>    |result<15>     |   17.031|
param_1<11>    |result<16>     |   17.248|
param_1<11>    |result<17>     |   17.338|
param_1<11>    |result<18>     |   17.829|
param_1<11>    |result<19>     |   18.027|
param_1<11>    |result<20>     |   17.998|
param_1<11>    |result<21>     |   18.088|
param_1<11>    |result<22>     |   17.476|
param_1<11>    |result<23>     |   17.285|
param_1<11>    |result<24>     |   17.416|
param_1<11>    |result<25>     |   17.506|
param_1<11>    |result<26>     |   17.335|
param_1<11>    |result<27>     |   17.144|
param_1<11>    |result<28>     |   17.329|
param_1<11>    |result<29>     |   17.392|
param_1<11>    |result<30>     |   16.965|
param_1<11>    |result<31>     |   17.163|
param_1<12>    |result<12>     |   15.559|
param_1<12>    |result<13>     |   15.628|
param_1<12>    |result<14>     |   15.778|
param_1<12>    |result<15>     |   15.654|
param_1<12>    |result<16>     |   15.910|
param_1<12>    |result<17>     |   16.000|
param_1<12>    |result<18>     |   16.491|
param_1<12>    |result<19>     |   16.689|
param_1<12>    |result<20>     |   16.660|
param_1<12>    |result<21>     |   16.750|
param_1<12>    |result<22>     |   16.138|
param_1<12>    |result<23>     |   15.947|
param_1<12>    |result<24>     |   16.078|
param_1<12>    |result<25>     |   16.168|
param_1<12>    |result<26>     |   15.997|
param_1<12>    |result<27>     |   15.806|
param_1<12>    |result<28>     |   15.991|
param_1<12>    |result<29>     |   16.054|
param_1<12>    |result<30>     |   15.627|
param_1<12>    |result<31>     |   15.825|
param_1<13>    |result<13>     |   15.238|
param_1<13>    |result<14>     |   15.440|
param_1<13>    |result<15>     |   15.332|
param_1<13>    |result<16>     |   15.584|
param_1<13>    |result<17>     |   15.674|
param_1<13>    |result<18>     |   16.165|
param_1<13>    |result<19>     |   16.363|
param_1<13>    |result<20>     |   16.334|
param_1<13>    |result<21>     |   16.424|
param_1<13>    |result<22>     |   15.812|
param_1<13>    |result<23>     |   15.621|
param_1<13>    |result<24>     |   15.752|
param_1<13>    |result<25>     |   15.842|
param_1<13>    |result<26>     |   15.671|
param_1<13>    |result<27>     |   15.480|
param_1<13>    |result<28>     |   15.665|
param_1<13>    |result<29>     |   15.728|
param_1<13>    |result<30>     |   15.301|
param_1<13>    |result<31>     |   15.499|
param_1<14>    |result<14>     |   15.833|
param_1<14>    |result<15>     |   15.702|
param_1<14>    |result<16>     |   15.987|
param_1<14>    |result<17>     |   16.077|
param_1<14>    |result<18>     |   16.568|
param_1<14>    |result<19>     |   16.766|
param_1<14>    |result<20>     |   16.737|
param_1<14>    |result<21>     |   16.827|
param_1<14>    |result<22>     |   16.215|
param_1<14>    |result<23>     |   16.024|
param_1<14>    |result<24>     |   16.155|
param_1<14>    |result<25>     |   16.245|
param_1<14>    |result<26>     |   16.074|
param_1<14>    |result<27>     |   15.883|
param_1<14>    |result<28>     |   16.068|
param_1<14>    |result<29>     |   16.131|
param_1<14>    |result<30>     |   15.704|
param_1<14>    |result<31>     |   15.902|
param_1<15>    |result<15>     |   15.235|
param_1<15>    |result<16>     |   15.546|
param_1<15>    |result<17>     |   15.636|
param_1<15>    |result<18>     |   16.127|
param_1<15>    |result<19>     |   16.325|
param_1<15>    |result<20>     |   16.296|
param_1<15>    |result<21>     |   16.386|
param_1<15>    |result<22>     |   15.774|
param_1<15>    |result<23>     |   15.583|
param_1<15>    |result<24>     |   15.714|
param_1<15>    |result<25>     |   15.804|
param_1<15>    |result<26>     |   15.633|
param_1<15>    |result<27>     |   15.442|
param_1<15>    |result<28>     |   15.627|
param_1<15>    |result<29>     |   15.690|
param_1<15>    |result<30>     |   15.263|
param_1<15>    |result<31>     |   15.461|
param_1<16>    |result<16>     |   15.397|
param_1<16>    |result<17>     |   15.466|
param_1<16>    |result<18>     |   16.086|
param_1<16>    |result<19>     |   16.272|
param_1<16>    |result<20>     |   16.282|
param_1<16>    |result<21>     |   16.372|
param_1<16>    |result<22>     |   15.760|
param_1<16>    |result<23>     |   15.569|
param_1<16>    |result<24>     |   15.700|
param_1<16>    |result<25>     |   15.790|
param_1<16>    |result<26>     |   15.619|
param_1<16>    |result<27>     |   15.428|
param_1<16>    |result<28>     |   15.613|
param_1<16>    |result<29>     |   15.676|
param_1<16>    |result<30>     |   15.249|
param_1<16>    |result<31>     |   15.447|
param_1<17>    |result<17>     |   15.148|
param_1<17>    |result<18>     |   15.820|
param_1<17>    |result<19>     |   16.022|
param_1<17>    |result<20>     |   16.028|
param_1<17>    |result<21>     |   16.118|
param_1<17>    |result<22>     |   15.506|
param_1<17>    |result<23>     |   15.315|
param_1<17>    |result<24>     |   15.446|
param_1<17>    |result<25>     |   15.536|
param_1<17>    |result<26>     |   15.365|
param_1<17>    |result<27>     |   15.174|
param_1<17>    |result<28>     |   15.359|
param_1<17>    |result<29>     |   15.422|
param_1<17>    |result<30>     |   14.995|
param_1<17>    |result<31>     |   15.193|
param_1<18>    |result<18>     |   15.975|
param_1<18>    |result<19>     |   16.154|
param_1<18>    |result<20>     |   16.193|
param_1<18>    |result<21>     |   16.283|
param_1<18>    |result<22>     |   15.671|
param_1<18>    |result<23>     |   15.480|
param_1<18>    |result<24>     |   15.611|
param_1<18>    |result<25>     |   15.701|
param_1<18>    |result<26>     |   15.530|
param_1<18>    |result<27>     |   15.339|
param_1<18>    |result<28>     |   15.524|
param_1<18>    |result<29>     |   15.587|
param_1<18>    |result<30>     |   15.160|
param_1<18>    |result<31>     |   15.358|
param_1<19>    |result<19>     |   16.156|
param_1<19>    |result<20>     |   16.221|
param_1<19>    |result<21>     |   16.311|
param_1<19>    |result<22>     |   15.699|
param_1<19>    |result<23>     |   15.508|
param_1<19>    |result<24>     |   15.639|
param_1<19>    |result<25>     |   15.729|
param_1<19>    |result<26>     |   15.558|
param_1<19>    |result<27>     |   15.367|
param_1<19>    |result<28>     |   15.552|
param_1<19>    |result<29>     |   15.615|
param_1<19>    |result<30>     |   15.188|
param_1<19>    |result<31>     |   15.386|
param_1<20>    |result<20>     |   15.591|
param_1<20>    |result<21>     |   15.660|
param_1<20>    |result<22>     |   15.177|
param_1<20>    |result<23>     |   14.974|
param_1<20>    |result<24>     |   15.144|
param_1<20>    |result<25>     |   15.234|
param_1<20>    |result<26>     |   15.063|
param_1<20>    |result<27>     |   14.872|
param_1<20>    |result<28>     |   15.057|
param_1<20>    |result<29>     |   15.120|
param_1<20>    |result<30>     |   14.693|
param_1<20>    |result<31>     |   14.891|
param_1<21>    |result<21>     |   15.598|
param_1<21>    |result<22>     |   15.167|
param_1<21>    |result<23>     |   14.980|
param_1<21>    |result<24>     |   15.146|
param_1<21>    |result<25>     |   15.236|
param_1<21>    |result<26>     |   15.065|
param_1<21>    |result<27>     |   14.874|
param_1<21>    |result<28>     |   15.059|
param_1<21>    |result<29>     |   15.122|
param_1<21>    |result<30>     |   14.695|
param_1<21>    |result<31>     |   14.893|
param_1<22>    |result<22>     |   15.318|
param_1<22>    |result<23>     |   15.108|
param_1<22>    |result<24>     |   15.307|
param_1<22>    |result<25>     |   15.397|
param_1<22>    |result<26>     |   15.226|
param_1<22>    |result<27>     |   15.035|
param_1<22>    |result<28>     |   15.220|
param_1<22>    |result<29>     |   15.283|
param_1<22>    |result<30>     |   14.856|
param_1<22>    |result<31>     |   15.054|
param_1<23>    |result<23>     |   15.273|
param_1<23>    |result<24>     |   15.498|
param_1<23>    |result<25>     |   15.588|
param_1<23>    |result<26>     |   15.417|
param_1<23>    |result<27>     |   15.226|
param_1<23>    |result<28>     |   15.411|
param_1<23>    |result<29>     |   15.474|
param_1<23>    |result<30>     |   15.047|
param_1<23>    |result<31>     |   15.245|
param_1<24>    |result<24>     |   14.862|
param_1<24>    |result<25>     |   14.931|
param_1<24>    |result<26>     |   14.889|
param_1<24>    |result<27>     |   14.686|
param_1<24>    |result<28>     |   14.910|
param_1<24>    |result<29>     |   14.973|
param_1<24>    |result<30>     |   14.546|
param_1<24>    |result<31>     |   14.744|
param_1<25>    |result<25>     |   14.712|
param_1<25>    |result<26>     |   14.722|
param_1<25>    |result<27>     |   14.535|
param_1<25>    |result<28>     |   14.755|
param_1<25>    |result<29>     |   14.818|
param_1<25>    |result<30>     |   14.391|
param_1<25>    |result<31>     |   14.589|
param_1<26>    |result<26>     |   14.764|
param_1<26>    |result<27>     |   14.554|
param_1<26>    |result<28>     |   14.807|
param_1<26>    |result<29>     |   14.870|
param_1<26>    |result<30>     |   14.443|
param_1<26>    |result<31>     |   14.641|
param_1<27>    |result<27>     |   14.873|
param_1<27>    |result<28>     |   15.152|
param_1<27>    |result<29>     |   15.215|
param_1<27>    |result<30>     |   14.788|
param_1<27>    |result<31>     |   14.986|
param_1<28>    |result<28>     |   13.879|
param_1<28>    |result<29>     |   13.921|
param_1<28>    |result<30>     |   13.623|
param_1<28>    |result<31>     |   13.809|
param_1<29>    |result<29>     |   13.912|
param_1<29>    |result<30>     |   13.666|
param_1<29>    |result<31>     |   13.868|
param_1<30>    |result<30>     |   13.553|
param_1<30>    |result<31>     |   13.732|
param_1<31>    |result<31>     |   13.555|
param_2<0>     |result<0>      |   12.645|
param_2<0>     |result<1>      |   12.725|
param_2<0>     |result<2>      |   13.039|
param_2<0>     |result<3>      |   13.067|
param_2<0>     |result<4>      |   13.153|
param_2<0>     |result<5>      |   13.237|
param_2<0>     |result<6>      |   13.364|
param_2<0>     |result<7>      |   13.406|
param_2<0>     |result<8>      |   14.586|
param_2<0>     |result<9>      |   14.676|
param_2<0>     |result<10>     |   14.844|
param_2<0>     |result<11>     |   14.885|
param_2<0>     |result<12>     |   15.204|
param_2<0>     |result<13>     |   15.294|
param_2<0>     |result<14>     |   15.315|
param_2<0>     |result<15>     |   15.203|
param_2<0>     |result<16>     |   15.420|
param_2<0>     |result<17>     |   15.510|
param_2<0>     |result<18>     |   16.001|
param_2<0>     |result<19>     |   16.199|
param_2<0>     |result<20>     |   16.170|
param_2<0>     |result<21>     |   16.260|
param_2<0>     |result<22>     |   15.648|
param_2<0>     |result<23>     |   15.457|
param_2<0>     |result<24>     |   15.588|
param_2<0>     |result<25>     |   15.678|
param_2<0>     |result<26>     |   15.507|
param_2<0>     |result<27>     |   15.316|
param_2<0>     |result<28>     |   15.501|
param_2<0>     |result<29>     |   15.564|
param_2<0>     |result<30>     |   15.137|
param_2<0>     |result<31>     |   15.335|
param_2<1>     |result<1>      |   11.922|
param_2<1>     |result<2>      |   12.288|
param_2<1>     |result<3>      |   12.332|
param_2<1>     |result<4>      |   12.414|
param_2<1>     |result<5>      |   12.498|
param_2<1>     |result<6>      |   12.625|
param_2<1>     |result<7>      |   12.667|
param_2<1>     |result<8>      |   13.847|
param_2<1>     |result<9>      |   13.937|
param_2<1>     |result<10>     |   14.105|
param_2<1>     |result<11>     |   14.146|
param_2<1>     |result<12>     |   14.465|
param_2<1>     |result<13>     |   14.555|
param_2<1>     |result<14>     |   14.576|
param_2<1>     |result<15>     |   14.464|
param_2<1>     |result<16>     |   14.681|
param_2<1>     |result<17>     |   14.771|
param_2<1>     |result<18>     |   15.262|
param_2<1>     |result<19>     |   15.460|
param_2<1>     |result<20>     |   15.431|
param_2<1>     |result<21>     |   15.521|
param_2<1>     |result<22>     |   14.909|
param_2<1>     |result<23>     |   14.718|
param_2<1>     |result<24>     |   14.849|
param_2<1>     |result<25>     |   14.939|
param_2<1>     |result<26>     |   14.768|
param_2<1>     |result<27>     |   14.577|
param_2<1>     |result<28>     |   14.762|
param_2<1>     |result<29>     |   14.825|
param_2<1>     |result<30>     |   14.398|
param_2<1>     |result<31>     |   14.596|
param_2<2>     |result<2>      |   12.083|
param_2<2>     |result<3>      |   12.104|
param_2<2>     |result<4>      |   12.219|
param_2<2>     |result<5>      |   12.303|
param_2<2>     |result<6>      |   12.430|
param_2<2>     |result<7>      |   12.472|
param_2<2>     |result<8>      |   13.652|
param_2<2>     |result<9>      |   13.742|
param_2<2>     |result<10>     |   13.910|
param_2<2>     |result<11>     |   13.951|
param_2<2>     |result<12>     |   14.270|
param_2<2>     |result<13>     |   14.360|
param_2<2>     |result<14>     |   14.381|
param_2<2>     |result<15>     |   14.269|
param_2<2>     |result<16>     |   14.486|
param_2<2>     |result<17>     |   14.576|
param_2<2>     |result<18>     |   15.067|
param_2<2>     |result<19>     |   15.265|
param_2<2>     |result<20>     |   15.236|
param_2<2>     |result<21>     |   15.326|
param_2<2>     |result<22>     |   14.714|
param_2<2>     |result<23>     |   14.523|
param_2<2>     |result<24>     |   14.654|
param_2<2>     |result<25>     |   14.744|
param_2<2>     |result<26>     |   14.573|
param_2<2>     |result<27>     |   14.382|
param_2<2>     |result<28>     |   14.567|
param_2<2>     |result<29>     |   14.630|
param_2<2>     |result<30>     |   14.203|
param_2<2>     |result<31>     |   14.401|
param_2<3>     |result<3>      |   12.182|
param_2<3>     |result<4>      |   12.323|
param_2<3>     |result<5>      |   12.407|
param_2<3>     |result<6>      |   12.534|
param_2<3>     |result<7>      |   12.576|
param_2<3>     |result<8>      |   13.756|
param_2<3>     |result<9>      |   13.846|
param_2<3>     |result<10>     |   14.014|
param_2<3>     |result<11>     |   14.055|
param_2<3>     |result<12>     |   14.374|
param_2<3>     |result<13>     |   14.464|
param_2<3>     |result<14>     |   14.485|
param_2<3>     |result<15>     |   14.373|
param_2<3>     |result<16>     |   14.590|
param_2<3>     |result<17>     |   14.680|
param_2<3>     |result<18>     |   15.171|
param_2<3>     |result<19>     |   15.369|
param_2<3>     |result<20>     |   15.340|
param_2<3>     |result<21>     |   15.430|
param_2<3>     |result<22>     |   14.818|
param_2<3>     |result<23>     |   14.627|
param_2<3>     |result<24>     |   14.758|
param_2<3>     |result<25>     |   14.848|
param_2<3>     |result<26>     |   14.677|
param_2<3>     |result<27>     |   14.486|
param_2<3>     |result<28>     |   14.671|
param_2<3>     |result<29>     |   14.734|
param_2<3>     |result<30>     |   14.307|
param_2<3>     |result<31>     |   14.505|
param_2<4>     |result<4>      |   12.310|
param_2<4>     |result<5>      |   12.373|
param_2<4>     |result<6>      |   12.629|
param_2<4>     |result<7>      |   12.659|
param_2<4>     |result<8>      |   13.878|
param_2<4>     |result<9>      |   13.968|
param_2<4>     |result<10>     |   14.136|
param_2<4>     |result<11>     |   14.177|
param_2<4>     |result<12>     |   14.496|
param_2<4>     |result<13>     |   14.586|
param_2<4>     |result<14>     |   14.607|
param_2<4>     |result<15>     |   14.495|
param_2<4>     |result<16>     |   14.712|
param_2<4>     |result<17>     |   14.802|
param_2<4>     |result<18>     |   15.293|
param_2<4>     |result<19>     |   15.491|
param_2<4>     |result<20>     |   15.462|
param_2<4>     |result<21>     |   15.552|
param_2<4>     |result<22>     |   14.940|
param_2<4>     |result<23>     |   14.749|
param_2<4>     |result<24>     |   14.880|
param_2<4>     |result<25>     |   14.970|
param_2<4>     |result<26>     |   14.799|
param_2<4>     |result<27>     |   14.608|
param_2<4>     |result<28>     |   14.793|
param_2<4>     |result<29>     |   14.856|
param_2<4>     |result<30>     |   14.429|
param_2<4>     |result<31>     |   14.627|
param_2<5>     |result<5>      |   12.552|
param_2<5>     |result<6>      |   12.860|
param_2<5>     |result<7>      |   12.906|
param_2<5>     |result<8>      |   14.121|
param_2<5>     |result<9>      |   14.211|
param_2<5>     |result<10>     |   14.379|
param_2<5>     |result<11>     |   14.420|
param_2<5>     |result<12>     |   14.739|
param_2<5>     |result<13>     |   14.829|
param_2<5>     |result<14>     |   14.850|
param_2<5>     |result<15>     |   14.738|
param_2<5>     |result<16>     |   14.955|
param_2<5>     |result<17>     |   15.045|
param_2<5>     |result<18>     |   15.536|
param_2<5>     |result<19>     |   15.734|
param_2<5>     |result<20>     |   15.705|
param_2<5>     |result<21>     |   15.795|
param_2<5>     |result<22>     |   15.183|
param_2<5>     |result<23>     |   14.992|
param_2<5>     |result<24>     |   15.123|
param_2<5>     |result<25>     |   15.213|
param_2<5>     |result<26>     |   15.042|
param_2<5>     |result<27>     |   14.851|
param_2<5>     |result<28>     |   15.036|
param_2<5>     |result<29>     |   15.099|
param_2<5>     |result<30>     |   14.672|
param_2<5>     |result<31>     |   14.870|
param_2<6>     |result<6>      |   12.315|
param_2<6>     |result<7>      |   12.338|
param_2<6>     |result<8>      |   13.586|
param_2<6>     |result<9>      |   13.676|
param_2<6>     |result<10>     |   13.844|
param_2<6>     |result<11>     |   13.885|
param_2<6>     |result<12>     |   14.204|
param_2<6>     |result<13>     |   14.294|
param_2<6>     |result<14>     |   14.315|
param_2<6>     |result<15>     |   14.203|
param_2<6>     |result<16>     |   14.420|
param_2<6>     |result<17>     |   14.510|
param_2<6>     |result<18>     |   15.001|
param_2<6>     |result<19>     |   15.199|
param_2<6>     |result<20>     |   15.170|
param_2<6>     |result<21>     |   15.260|
param_2<6>     |result<22>     |   14.648|
param_2<6>     |result<23>     |   14.457|
param_2<6>     |result<24>     |   14.588|
param_2<6>     |result<25>     |   14.678|
param_2<6>     |result<26>     |   14.507|
param_2<6>     |result<27>     |   14.316|
param_2<6>     |result<28>     |   14.501|
param_2<6>     |result<29>     |   14.564|
param_2<6>     |result<30>     |   14.137|
param_2<6>     |result<31>     |   14.335|
param_2<7>     |result<7>      |   12.033|
param_2<7>     |result<8>      |   13.307|
param_2<7>     |result<9>      |   13.397|
param_2<7>     |result<10>     |   13.565|
param_2<7>     |result<11>     |   13.606|
param_2<7>     |result<12>     |   13.925|
param_2<7>     |result<13>     |   14.015|
param_2<7>     |result<14>     |   14.036|
param_2<7>     |result<15>     |   13.924|
param_2<7>     |result<16>     |   14.141|
param_2<7>     |result<17>     |   14.231|
param_2<7>     |result<18>     |   14.722|
param_2<7>     |result<19>     |   14.920|
param_2<7>     |result<20>     |   14.891|
param_2<7>     |result<21>     |   14.981|
param_2<7>     |result<22>     |   14.369|
param_2<7>     |result<23>     |   14.178|
param_2<7>     |result<24>     |   14.309|
param_2<7>     |result<25>     |   14.399|
param_2<7>     |result<26>     |   14.228|
param_2<7>     |result<27>     |   14.037|
param_2<7>     |result<28>     |   14.222|
param_2<7>     |result<29>     |   14.285|
param_2<7>     |result<30>     |   13.858|
param_2<7>     |result<31>     |   14.056|
param_2<8>     |result<8>      |   13.246|
param_2<8>     |result<9>      |   13.315|
param_2<8>     |result<10>     |   13.612|
param_2<8>     |result<11>     |   13.641|
param_2<8>     |result<12>     |   13.999|
param_2<8>     |result<13>     |   14.089|
param_2<8>     |result<14>     |   14.110|
param_2<8>     |result<15>     |   13.998|
param_2<8>     |result<16>     |   14.215|
param_2<8>     |result<17>     |   14.305|
param_2<8>     |result<18>     |   14.796|
param_2<8>     |result<19>     |   14.994|
param_2<8>     |result<20>     |   14.965|
param_2<8>     |result<21>     |   15.055|
param_2<8>     |result<22>     |   14.443|
param_2<8>     |result<23>     |   14.252|
param_2<8>     |result<24>     |   14.383|
param_2<8>     |result<25>     |   14.473|
param_2<8>     |result<26>     |   14.302|
param_2<8>     |result<27>     |   14.111|
param_2<8>     |result<28>     |   14.296|
param_2<8>     |result<29>     |   14.359|
param_2<8>     |result<30>     |   13.932|
param_2<8>     |result<31>     |   14.130|
param_2<9>     |result<9>      |   13.435|
param_2<9>     |result<10>     |   13.784|
param_2<9>     |result<11>     |   13.829|
param_2<9>     |result<12>     |   14.183|
param_2<9>     |result<13>     |   14.273|
param_2<9>     |result<14>     |   14.294|
param_2<9>     |result<15>     |   14.182|
param_2<9>     |result<16>     |   14.399|
param_2<9>     |result<17>     |   14.489|
param_2<9>     |result<18>     |   14.980|
param_2<9>     |result<19>     |   15.178|
param_2<9>     |result<20>     |   15.149|
param_2<9>     |result<21>     |   15.239|
param_2<9>     |result<22>     |   14.627|
param_2<9>     |result<23>     |   14.436|
param_2<9>     |result<24>     |   14.567|
param_2<9>     |result<25>     |   14.657|
param_2<9>     |result<26>     |   14.486|
param_2<9>     |result<27>     |   14.295|
param_2<9>     |result<28>     |   14.480|
param_2<9>     |result<29>     |   14.543|
param_2<9>     |result<30>     |   14.116|
param_2<9>     |result<31>     |   14.314|
param_2<10>    |result<10>     |   13.154|
param_2<10>    |result<11>     |   13.176|
param_2<10>    |result<12>     |   13.563|
param_2<10>    |result<13>     |   13.653|
param_2<10>    |result<14>     |   13.674|
param_2<10>    |result<15>     |   13.562|
param_2<10>    |result<16>     |   13.779|
param_2<10>    |result<17>     |   13.869|
param_2<10>    |result<18>     |   14.360|
param_2<10>    |result<19>     |   14.558|
param_2<10>    |result<20>     |   14.529|
param_2<10>    |result<21>     |   14.619|
param_2<10>    |result<22>     |   14.007|
param_2<10>    |result<23>     |   13.816|
param_2<10>    |result<24>     |   13.947|
param_2<10>    |result<25>     |   14.037|
param_2<10>    |result<26>     |   13.866|
param_2<10>    |result<27>     |   13.675|
param_2<10>    |result<28>     |   13.860|
param_2<10>    |result<29>     |   13.923|
param_2<10>    |result<30>     |   13.496|
param_2<10>    |result<31>     |   13.694|
param_2<11>    |result<11>     |   12.917|
param_2<11>    |result<12>     |   13.330|
param_2<11>    |result<13>     |   13.420|
param_2<11>    |result<14>     |   13.441|
param_2<11>    |result<15>     |   13.329|
param_2<11>    |result<16>     |   13.546|
param_2<11>    |result<17>     |   13.636|
param_2<11>    |result<18>     |   14.127|
param_2<11>    |result<19>     |   14.325|
param_2<11>    |result<20>     |   14.296|
param_2<11>    |result<21>     |   14.386|
param_2<11>    |result<22>     |   13.774|
param_2<11>    |result<23>     |   13.583|
param_2<11>    |result<24>     |   13.714|
param_2<11>    |result<25>     |   13.804|
param_2<11>    |result<26>     |   13.633|
param_2<11>    |result<27>     |   13.442|
param_2<11>    |result<28>     |   13.627|
param_2<11>    |result<29>     |   13.690|
param_2<11>    |result<30>     |   13.263|
param_2<11>    |result<31>     |   13.461|
param_2<12>    |result<12>     |   13.474|
param_2<12>    |result<13>     |   13.543|
param_2<12>    |result<14>     |   13.693|
param_2<12>    |result<15>     |   13.569|
param_2<12>    |result<16>     |   13.825|
param_2<12>    |result<17>     |   13.915|
param_2<12>    |result<18>     |   14.406|
param_2<12>    |result<19>     |   14.604|
param_2<12>    |result<20>     |   14.575|
param_2<12>    |result<21>     |   14.665|
param_2<12>    |result<22>     |   14.053|
param_2<12>    |result<23>     |   13.862|
param_2<12>    |result<24>     |   13.993|
param_2<12>    |result<25>     |   14.083|
param_2<12>    |result<26>     |   13.912|
param_2<12>    |result<27>     |   13.721|
param_2<12>    |result<28>     |   13.906|
param_2<12>    |result<29>     |   13.969|
param_2<12>    |result<30>     |   13.542|
param_2<12>    |result<31>     |   13.740|
param_2<13>    |result<13>     |   13.472|
param_2<13>    |result<14>     |   13.674|
param_2<13>    |result<15>     |   13.566|
param_2<13>    |result<16>     |   13.818|
param_2<13>    |result<17>     |   13.908|
param_2<13>    |result<18>     |   14.399|
param_2<13>    |result<19>     |   14.597|
param_2<13>    |result<20>     |   14.568|
param_2<13>    |result<21>     |   14.658|
param_2<13>    |result<22>     |   14.046|
param_2<13>    |result<23>     |   13.855|
param_2<13>    |result<24>     |   13.986|
param_2<13>    |result<25>     |   14.076|
param_2<13>    |result<26>     |   13.905|
param_2<13>    |result<27>     |   13.714|
param_2<13>    |result<28>     |   13.899|
param_2<13>    |result<29>     |   13.962|
param_2<13>    |result<30>     |   13.535|
param_2<13>    |result<31>     |   13.733|
param_2<14>    |result<14>     |   13.812|
param_2<14>    |result<15>     |   13.681|
param_2<14>    |result<16>     |   13.966|
param_2<14>    |result<17>     |   14.056|
param_2<14>    |result<18>     |   14.547|
param_2<14>    |result<19>     |   14.745|
param_2<14>    |result<20>     |   14.716|
param_2<14>    |result<21>     |   14.806|
param_2<14>    |result<22>     |   14.194|
param_2<14>    |result<23>     |   14.003|
param_2<14>    |result<24>     |   14.134|
param_2<14>    |result<25>     |   14.224|
param_2<14>    |result<26>     |   14.053|
param_2<14>    |result<27>     |   13.862|
param_2<14>    |result<28>     |   14.047|
param_2<14>    |result<29>     |   14.110|
param_2<14>    |result<30>     |   13.683|
param_2<14>    |result<31>     |   13.881|
param_2<15>    |result<15>     |   13.750|
param_2<15>    |result<16>     |   14.061|
param_2<15>    |result<17>     |   14.151|
param_2<15>    |result<18>     |   14.642|
param_2<15>    |result<19>     |   14.840|
param_2<15>    |result<20>     |   14.811|
param_2<15>    |result<21>     |   14.901|
param_2<15>    |result<22>     |   14.289|
param_2<15>    |result<23>     |   14.098|
param_2<15>    |result<24>     |   14.229|
param_2<15>    |result<25>     |   14.319|
param_2<15>    |result<26>     |   14.148|
param_2<15>    |result<27>     |   13.957|
param_2<15>    |result<28>     |   14.142|
param_2<15>    |result<29>     |   14.205|
param_2<15>    |result<30>     |   13.778|
param_2<15>    |result<31>     |   13.976|
param_2<16>    |result<16>     |   13.830|
param_2<16>    |result<17>     |   13.899|
param_2<16>    |result<18>     |   14.519|
param_2<16>    |result<19>     |   14.705|
param_2<16>    |result<20>     |   14.715|
param_2<16>    |result<21>     |   14.805|
param_2<16>    |result<22>     |   14.193|
param_2<16>    |result<23>     |   14.002|
param_2<16>    |result<24>     |   14.133|
param_2<16>    |result<25>     |   14.223|
param_2<16>    |result<26>     |   14.052|
param_2<16>    |result<27>     |   13.861|
param_2<16>    |result<28>     |   14.046|
param_2<16>    |result<29>     |   14.109|
param_2<16>    |result<30>     |   13.682|
param_2<16>    |result<31>     |   13.880|
param_2<17>    |result<17>     |   13.615|
param_2<17>    |result<18>     |   14.287|
param_2<17>    |result<19>     |   14.489|
param_2<17>    |result<20>     |   14.495|
param_2<17>    |result<21>     |   14.585|
param_2<17>    |result<22>     |   13.973|
param_2<17>    |result<23>     |   13.782|
param_2<17>    |result<24>     |   13.913|
param_2<17>    |result<25>     |   14.003|
param_2<17>    |result<26>     |   13.832|
param_2<17>    |result<27>     |   13.641|
param_2<17>    |result<28>     |   13.826|
param_2<17>    |result<29>     |   13.889|
param_2<17>    |result<30>     |   13.462|
param_2<17>    |result<31>     |   13.660|
param_2<18>    |result<18>     |   13.860|
param_2<18>    |result<19>     |   14.039|
param_2<18>    |result<20>     |   14.078|
param_2<18>    |result<21>     |   14.168|
param_2<18>    |result<22>     |   13.556|
param_2<18>    |result<23>     |   13.365|
param_2<18>    |result<24>     |   13.496|
param_2<18>    |result<25>     |   13.586|
param_2<18>    |result<26>     |   13.415|
param_2<18>    |result<27>     |   13.224|
param_2<18>    |result<28>     |   13.409|
param_2<18>    |result<29>     |   13.472|
param_2<18>    |result<30>     |   13.045|
param_2<18>    |result<31>     |   13.243|
param_2<19>    |result<19>     |   14.326|
param_2<19>    |result<20>     |   14.391|
param_2<19>    |result<21>     |   14.481|
param_2<19>    |result<22>     |   13.869|
param_2<19>    |result<23>     |   13.678|
param_2<19>    |result<24>     |   13.809|
param_2<19>    |result<25>     |   13.899|
param_2<19>    |result<26>     |   13.728|
param_2<19>    |result<27>     |   13.537|
param_2<19>    |result<28>     |   13.722|
param_2<19>    |result<29>     |   13.785|
param_2<19>    |result<30>     |   13.358|
param_2<19>    |result<31>     |   13.556|
param_2<20>    |result<20>     |   14.286|
param_2<20>    |result<21>     |   14.355|
param_2<20>    |result<22>     |   13.872|
param_2<20>    |result<23>     |   13.669|
param_2<20>    |result<24>     |   13.839|
param_2<20>    |result<25>     |   13.929|
param_2<20>    |result<26>     |   13.758|
param_2<20>    |result<27>     |   13.567|
param_2<20>    |result<28>     |   13.752|
param_2<20>    |result<29>     |   13.815|
param_2<20>    |result<30>     |   13.388|
param_2<20>    |result<31>     |   13.586|
param_2<21>    |result<21>     |   14.639|
param_2<21>    |result<22>     |   14.208|
param_2<21>    |result<23>     |   14.021|
param_2<21>    |result<24>     |   14.187|
param_2<21>    |result<25>     |   14.277|
param_2<21>    |result<26>     |   14.106|
param_2<21>    |result<27>     |   13.915|
param_2<21>    |result<28>     |   14.100|
param_2<21>    |result<29>     |   14.163|
param_2<21>    |result<30>     |   13.736|
param_2<21>    |result<31>     |   13.934|
param_2<22>    |result<22>     |   14.344|
param_2<22>    |result<23>     |   14.134|
param_2<22>    |result<24>     |   14.333|
param_2<22>    |result<25>     |   14.423|
param_2<22>    |result<26>     |   14.252|
param_2<22>    |result<27>     |   14.061|
param_2<22>    |result<28>     |   14.246|
param_2<22>    |result<29>     |   14.309|
param_2<22>    |result<30>     |   13.882|
param_2<22>    |result<31>     |   14.080|
param_2<23>    |result<23>     |   14.060|
param_2<23>    |result<24>     |   14.285|
param_2<23>    |result<25>     |   14.375|
param_2<23>    |result<26>     |   14.204|
param_2<23>    |result<27>     |   14.013|
param_2<23>    |result<28>     |   14.198|
param_2<23>    |result<29>     |   14.261|
param_2<23>    |result<30>     |   13.834|
param_2<23>    |result<31>     |   14.032|
param_2<24>    |result<24>     |   14.416|
param_2<24>    |result<25>     |   14.485|
param_2<24>    |result<26>     |   14.443|
param_2<24>    |result<27>     |   14.240|
param_2<24>    |result<28>     |   14.464|
param_2<24>    |result<29>     |   14.527|
param_2<24>    |result<30>     |   14.100|
param_2<24>    |result<31>     |   14.298|
param_2<25>    |result<25>     |   14.237|
param_2<25>    |result<26>     |   14.247|
param_2<25>    |result<27>     |   14.060|
param_2<25>    |result<28>     |   14.280|
param_2<25>    |result<29>     |   14.343|
param_2<25>    |result<30>     |   13.916|
param_2<25>    |result<31>     |   14.114|
param_2<26>    |result<26>     |   14.396|
param_2<26>    |result<27>     |   14.186|
param_2<26>    |result<28>     |   14.439|
param_2<26>    |result<29>     |   14.502|
param_2<26>    |result<30>     |   14.075|
param_2<26>    |result<31>     |   14.273|
param_2<27>    |result<27>     |   14.073|
param_2<27>    |result<28>     |   14.352|
param_2<27>    |result<29>     |   14.415|
param_2<27>    |result<30>     |   13.988|
param_2<27>    |result<31>     |   14.186|
param_2<28>    |result<28>     |   14.696|
param_2<28>    |result<29>     |   14.738|
param_2<28>    |result<30>     |   14.440|
param_2<28>    |result<31>     |   14.626|
param_2<29>    |result<29>     |   14.639|
param_2<29>    |result<30>     |   14.393|
param_2<29>    |result<31>     |   14.595|
param_2<30>    |result<30>     |   14.336|
param_2<30>    |result<31>     |   14.515|
param_2<31>    |result<31>     |   14.543|
---------------+---------------+---------+


Analysis completed Mon Aug 19 10:35:59 2013 
--------------------------------------------------------------------------------

Trace Settings:
-------------------------
Trace Settings 

Peak Memory Usage: 301 MB



