--------------------------------------------------------------------------------
Release 14.6 Trace  (nt64)
Copyright (c) 1995-2013 Xilinx, Inc.  All rights reserved.

C:\Xilinx\14.6\ISE_DS\ISE\bin\nt64\unwrapped\trce.exe -intstyle ise -v 3 -s 3
-n 3 -fastpaths -xml rotation.twx rotation.ncd -o rotation.twr rotation.pcf

Design file:              rotation.ncd
Physical constraint file: rotation.pcf
Device,package,speed:     xc6slx75,fgg484,C,-3 (PRODUCTION 1.23 2013-06-08)
Report level:             verbose report

Environment Variable      Effect 
--------------------      ------ 
NONE                      No environment variables were set
--------------------------------------------------------------------------------

INFO:Timing:2698 - No timing constraints found, doing default enumeration.
INFO:Timing:3412 - To improve timing, see the Timing Closure User Guide (UG612).
INFO:Timing:2752 - To get complete path coverage, use the unconstrained paths 
   option. All paths that are not constrained will be reported in the 
   unconstrained paths section(s) of the report.
INFO:Timing:3339 - The clock-to-out numbers in this timing report are based on 
   a 50 Ohm transmission line loading model.  For the details of this model, 
   and for more information on accounting for different loading conditions, 
   please see the device datasheet.



Data Sheet report:
-----------------
All values displayed in nanoseconds (ns)

Pad to Pad
---------------+---------------+---------+
Source Pad     |Destination Pad|  Delay  |
---------------+---------------+---------+
angle_arg<0>   |result<0>      |  188.126|
angle_arg<0>   |result<1>      |  187.920|
angle_arg<0>   |result<2>      |  188.328|
angle_arg<0>   |result<3>      |  188.260|
angle_arg<0>   |result<4>      |  188.394|
angle_arg<0>   |result<5>      |  188.637|
angle_arg<0>   |result<6>      |  188.530|
angle_arg<0>   |result<7>      |  188.396|
angle_arg<0>   |result<8>      |  188.651|
angle_arg<0>   |result<9>      |  188.588|
angle_arg<0>   |result<10>     |  189.024|
angle_arg<0>   |result<11>     |  188.172|
angle_arg<0>   |result<12>     |  188.716|
angle_arg<0>   |result<13>     |  189.115|
angle_arg<0>   |result<14>     |  188.379|
angle_arg<0>   |result<15>     |  188.705|
angle_arg<0>   |result<16>     |  192.247|
angle_arg<0>   |result<17>     |  192.155|
angle_arg<0>   |result<18>     |  192.526|
angle_arg<0>   |result<19>     |  192.387|
angle_arg<0>   |result<20>     |  192.178|
angle_arg<0>   |result<21>     |  192.471|
angle_arg<0>   |result<22>     |  191.960|
angle_arg<0>   |result<23>     |  192.431|
angle_arg<0>   |result<24>     |  192.178|
angle_arg<0>   |result<25>     |  192.312|
angle_arg<0>   |result<26>     |  192.090|
angle_arg<0>   |result<27>     |  191.976|
angle_arg<0>   |result<28>     |  192.497|
angle_arg<0>   |result<29>     |  192.164|
angle_arg<0>   |result<30>     |  192.469|
angle_arg<0>   |result<31>     |  192.522|
angle_arg<1>   |result<0>      |  187.327|
angle_arg<1>   |result<1>      |  187.121|
angle_arg<1>   |result<2>      |  187.529|
angle_arg<1>   |result<3>      |  187.461|
angle_arg<1>   |result<4>      |  187.595|
angle_arg<1>   |result<5>      |  187.838|
angle_arg<1>   |result<6>      |  187.731|
angle_arg<1>   |result<7>      |  187.597|
angle_arg<1>   |result<8>      |  187.852|
angle_arg<1>   |result<9>      |  187.789|
angle_arg<1>   |result<10>     |  188.225|
angle_arg<1>   |result<11>     |  187.373|
angle_arg<1>   |result<12>     |  187.917|
angle_arg<1>   |result<13>     |  188.316|
angle_arg<1>   |result<14>     |  187.580|
angle_arg<1>   |result<15>     |  187.906|
angle_arg<1>   |result<16>     |  191.448|
angle_arg<1>   |result<17>     |  191.356|
angle_arg<1>   |result<18>     |  191.727|
angle_arg<1>   |result<19>     |  191.588|
angle_arg<1>   |result<20>     |  191.379|
angle_arg<1>   |result<21>     |  191.672|
angle_arg<1>   |result<22>     |  191.161|
angle_arg<1>   |result<23>     |  191.632|
angle_arg<1>   |result<24>     |  191.379|
angle_arg<1>   |result<25>     |  191.513|
angle_arg<1>   |result<26>     |  191.291|
angle_arg<1>   |result<27>     |  191.177|
angle_arg<1>   |result<28>     |  191.698|
angle_arg<1>   |result<29>     |  191.365|
angle_arg<1>   |result<30>     |  191.670|
angle_arg<1>   |result<31>     |  191.723|
angle_arg<2>   |result<0>      |  186.336|
angle_arg<2>   |result<1>      |  186.130|
angle_arg<2>   |result<2>      |  186.538|
angle_arg<2>   |result<3>      |  186.470|
angle_arg<2>   |result<4>      |  186.604|
angle_arg<2>   |result<5>      |  186.847|
angle_arg<2>   |result<6>      |  186.740|
angle_arg<2>   |result<7>      |  186.606|
angle_arg<2>   |result<8>      |  186.861|
angle_arg<2>   |result<9>      |  186.798|
angle_arg<2>   |result<10>     |  187.234|
angle_arg<2>   |result<11>     |  186.382|
angle_arg<2>   |result<12>     |  186.926|
angle_arg<2>   |result<13>     |  187.325|
angle_arg<2>   |result<14>     |  186.589|
angle_arg<2>   |result<15>     |  186.915|
angle_arg<2>   |result<16>     |  190.457|
angle_arg<2>   |result<17>     |  190.365|
angle_arg<2>   |result<18>     |  190.736|
angle_arg<2>   |result<19>     |  190.597|
angle_arg<2>   |result<20>     |  190.388|
angle_arg<2>   |result<21>     |  190.681|
angle_arg<2>   |result<22>     |  190.170|
angle_arg<2>   |result<23>     |  190.641|
angle_arg<2>   |result<24>     |  190.388|
angle_arg<2>   |result<25>     |  190.522|
angle_arg<2>   |result<26>     |  190.300|
angle_arg<2>   |result<27>     |  190.186|
angle_arg<2>   |result<28>     |  190.707|
angle_arg<2>   |result<29>     |  190.374|
angle_arg<2>   |result<30>     |  190.679|
angle_arg<2>   |result<31>     |  190.732|
angle_arg<3>   |result<0>      |  186.512|
angle_arg<3>   |result<1>      |  186.306|
angle_arg<3>   |result<2>      |  186.714|
angle_arg<3>   |result<3>      |  186.646|
angle_arg<3>   |result<4>      |  186.780|
angle_arg<3>   |result<5>      |  187.023|
angle_arg<3>   |result<6>      |  186.916|
angle_arg<3>   |result<7>      |  186.782|
angle_arg<3>   |result<8>      |  187.037|
angle_arg<3>   |result<9>      |  186.974|
angle_arg<3>   |result<10>     |  187.410|
angle_arg<3>   |result<11>     |  186.558|
angle_arg<3>   |result<12>     |  187.102|
angle_arg<3>   |result<13>     |  187.501|
angle_arg<3>   |result<14>     |  186.765|
angle_arg<3>   |result<15>     |  187.091|
angle_arg<3>   |result<16>     |  190.633|
angle_arg<3>   |result<17>     |  190.541|
angle_arg<3>   |result<18>     |  190.912|
angle_arg<3>   |result<19>     |  190.773|
angle_arg<3>   |result<20>     |  190.564|
angle_arg<3>   |result<21>     |  190.857|
angle_arg<3>   |result<22>     |  190.346|
angle_arg<3>   |result<23>     |  190.817|
angle_arg<3>   |result<24>     |  190.564|
angle_arg<3>   |result<25>     |  190.698|
angle_arg<3>   |result<26>     |  190.476|
angle_arg<3>   |result<27>     |  190.362|
angle_arg<3>   |result<28>     |  190.883|
angle_arg<3>   |result<29>     |  190.550|
angle_arg<3>   |result<30>     |  190.855|
angle_arg<3>   |result<31>     |  190.908|
angle_arg<4>   |result<0>      |  186.032|
angle_arg<4>   |result<1>      |  185.826|
angle_arg<4>   |result<2>      |  186.234|
angle_arg<4>   |result<3>      |  186.166|
angle_arg<4>   |result<4>      |  186.300|
angle_arg<4>   |result<5>      |  186.543|
angle_arg<4>   |result<6>      |  186.436|
angle_arg<4>   |result<7>      |  186.302|
angle_arg<4>   |result<8>      |  186.557|
angle_arg<4>   |result<9>      |  186.494|
angle_arg<4>   |result<10>     |  186.930|
angle_arg<4>   |result<11>     |  186.078|
angle_arg<4>   |result<12>     |  186.622|
angle_arg<4>   |result<13>     |  187.021|
angle_arg<4>   |result<14>     |  186.285|
angle_arg<4>   |result<15>     |  186.611|
angle_arg<4>   |result<16>     |  190.153|
angle_arg<4>   |result<17>     |  190.061|
angle_arg<4>   |result<18>     |  190.432|
angle_arg<4>   |result<19>     |  190.293|
angle_arg<4>   |result<20>     |  190.084|
angle_arg<4>   |result<21>     |  190.377|
angle_arg<4>   |result<22>     |  189.866|
angle_arg<4>   |result<23>     |  190.337|
angle_arg<4>   |result<24>     |  190.084|
angle_arg<4>   |result<25>     |  190.218|
angle_arg<4>   |result<26>     |  189.996|
angle_arg<4>   |result<27>     |  189.882|
angle_arg<4>   |result<28>     |  190.403|
angle_arg<4>   |result<29>     |  190.070|
angle_arg<4>   |result<30>     |  190.375|
angle_arg<4>   |result<31>     |  190.428|
angle_arg<5>   |result<0>      |  186.132|
angle_arg<5>   |result<1>      |  185.926|
angle_arg<5>   |result<2>      |  186.334|
angle_arg<5>   |result<3>      |  186.266|
angle_arg<5>   |result<4>      |  186.400|
angle_arg<5>   |result<5>      |  186.643|
angle_arg<5>   |result<6>      |  186.536|
angle_arg<5>   |result<7>      |  186.402|
angle_arg<5>   |result<8>      |  186.657|
angle_arg<5>   |result<9>      |  186.594|
angle_arg<5>   |result<10>     |  187.030|
angle_arg<5>   |result<11>     |  186.178|
angle_arg<5>   |result<12>     |  186.722|
angle_arg<5>   |result<13>     |  187.121|
angle_arg<5>   |result<14>     |  186.385|
angle_arg<5>   |result<15>     |  186.711|
angle_arg<5>   |result<16>     |  190.253|
angle_arg<5>   |result<17>     |  190.161|
angle_arg<5>   |result<18>     |  190.532|
angle_arg<5>   |result<19>     |  190.393|
angle_arg<5>   |result<20>     |  190.184|
angle_arg<5>   |result<21>     |  190.477|
angle_arg<5>   |result<22>     |  189.966|
angle_arg<5>   |result<23>     |  190.437|
angle_arg<5>   |result<24>     |  190.184|
angle_arg<5>   |result<25>     |  190.318|
angle_arg<5>   |result<26>     |  190.096|
angle_arg<5>   |result<27>     |  189.982|
angle_arg<5>   |result<28>     |  190.503|
angle_arg<5>   |result<29>     |  190.170|
angle_arg<5>   |result<30>     |  190.475|
angle_arg<5>   |result<31>     |  190.528|
angle_arg<6>   |result<0>      |  185.746|
angle_arg<6>   |result<1>      |  185.540|
angle_arg<6>   |result<2>      |  185.948|
angle_arg<6>   |result<3>      |  185.880|
angle_arg<6>   |result<4>      |  186.014|
angle_arg<6>   |result<5>      |  186.257|
angle_arg<6>   |result<6>      |  186.150|
angle_arg<6>   |result<7>      |  186.016|
angle_arg<6>   |result<8>      |  186.271|
angle_arg<6>   |result<9>      |  186.208|
angle_arg<6>   |result<10>     |  186.644|
angle_arg<6>   |result<11>     |  185.792|
angle_arg<6>   |result<12>     |  186.336|
angle_arg<6>   |result<13>     |  186.735|
angle_arg<6>   |result<14>     |  185.999|
angle_arg<6>   |result<15>     |  186.325|
angle_arg<6>   |result<16>     |  189.867|
angle_arg<6>   |result<17>     |  189.775|
angle_arg<6>   |result<18>     |  190.146|
angle_arg<6>   |result<19>     |  190.007|
angle_arg<6>   |result<20>     |  189.798|
angle_arg<6>   |result<21>     |  190.091|
angle_arg<6>   |result<22>     |  189.580|
angle_arg<6>   |result<23>     |  190.051|
angle_arg<6>   |result<24>     |  189.798|
angle_arg<6>   |result<25>     |  189.932|
angle_arg<6>   |result<26>     |  189.710|
angle_arg<6>   |result<27>     |  189.596|
angle_arg<6>   |result<28>     |  190.117|
angle_arg<6>   |result<29>     |  189.784|
angle_arg<6>   |result<30>     |  190.089|
angle_arg<6>   |result<31>     |  190.142|
angle_arg<7>   |result<0>      |  186.880|
angle_arg<7>   |result<1>      |  186.674|
angle_arg<7>   |result<2>      |  187.082|
angle_arg<7>   |result<3>      |  187.014|
angle_arg<7>   |result<4>      |  187.148|
angle_arg<7>   |result<5>      |  187.391|
angle_arg<7>   |result<6>      |  187.284|
angle_arg<7>   |result<7>      |  187.150|
angle_arg<7>   |result<8>      |  187.405|
angle_arg<7>   |result<9>      |  187.342|
angle_arg<7>   |result<10>     |  187.778|
angle_arg<7>   |result<11>     |  186.926|
angle_arg<7>   |result<12>     |  187.470|
angle_arg<7>   |result<13>     |  187.869|
angle_arg<7>   |result<14>     |  187.133|
angle_arg<7>   |result<15>     |  187.459|
angle_arg<7>   |result<16>     |  191.001|
angle_arg<7>   |result<17>     |  190.909|
angle_arg<7>   |result<18>     |  191.280|
angle_arg<7>   |result<19>     |  191.141|
angle_arg<7>   |result<20>     |  190.932|
angle_arg<7>   |result<21>     |  191.225|
angle_arg<7>   |result<22>     |  190.714|
angle_arg<7>   |result<23>     |  191.185|
angle_arg<7>   |result<24>     |  190.932|
angle_arg<7>   |result<25>     |  191.066|
angle_arg<7>   |result<26>     |  190.844|
angle_arg<7>   |result<27>     |  190.730|
angle_arg<7>   |result<28>     |  191.251|
angle_arg<7>   |result<29>     |  190.918|
angle_arg<7>   |result<30>     |  191.223|
angle_arg<7>   |result<31>     |  191.276|
vector_arg<0>  |result<0>      |  181.996|
vector_arg<0>  |result<1>      |  181.790|
vector_arg<0>  |result<2>      |  182.198|
vector_arg<0>  |result<3>      |  182.130|
vector_arg<0>  |result<4>      |  182.264|
vector_arg<0>  |result<5>      |  182.507|
vector_arg<0>  |result<6>      |  182.400|
vector_arg<0>  |result<7>      |  182.266|
vector_arg<0>  |result<8>      |  182.521|
vector_arg<0>  |result<9>      |  182.458|
vector_arg<0>  |result<10>     |  182.894|
vector_arg<0>  |result<11>     |  182.042|
vector_arg<0>  |result<12>     |  182.586|
vector_arg<0>  |result<13>     |  182.985|
vector_arg<0>  |result<14>     |  182.249|
vector_arg<0>  |result<15>     |  182.575|
vector_arg<0>  |result<16>     |  186.117|
vector_arg<0>  |result<17>     |  186.025|
vector_arg<0>  |result<18>     |  186.396|
vector_arg<0>  |result<19>     |  186.257|
vector_arg<0>  |result<20>     |  186.048|
vector_arg<0>  |result<21>     |  186.341|
vector_arg<0>  |result<22>     |  185.830|
vector_arg<0>  |result<23>     |  186.301|
vector_arg<0>  |result<24>     |  186.048|
vector_arg<0>  |result<25>     |  186.182|
vector_arg<0>  |result<26>     |  185.960|
vector_arg<0>  |result<27>     |  185.846|
vector_arg<0>  |result<28>     |  186.367|
vector_arg<0>  |result<29>     |  186.034|
vector_arg<0>  |result<30>     |  186.339|
vector_arg<0>  |result<31>     |  186.392|
vector_arg<1>  |result<0>      |  181.905|
vector_arg<1>  |result<1>      |  181.699|
vector_arg<1>  |result<2>      |  182.107|
vector_arg<1>  |result<3>      |  182.039|
vector_arg<1>  |result<4>      |  182.173|
vector_arg<1>  |result<5>      |  182.416|
vector_arg<1>  |result<6>      |  182.309|
vector_arg<1>  |result<7>      |  182.175|
vector_arg<1>  |result<8>      |  182.430|
vector_arg<1>  |result<9>      |  182.367|
vector_arg<1>  |result<10>     |  182.803|
vector_arg<1>  |result<11>     |  181.951|
vector_arg<1>  |result<12>     |  182.495|
vector_arg<1>  |result<13>     |  182.894|
vector_arg<1>  |result<14>     |  182.158|
vector_arg<1>  |result<15>     |  182.484|
vector_arg<1>  |result<16>     |  186.026|
vector_arg<1>  |result<17>     |  185.934|
vector_arg<1>  |result<18>     |  186.305|
vector_arg<1>  |result<19>     |  186.166|
vector_arg<1>  |result<20>     |  185.957|
vector_arg<1>  |result<21>     |  186.250|
vector_arg<1>  |result<22>     |  185.739|
vector_arg<1>  |result<23>     |  186.210|
vector_arg<1>  |result<24>     |  185.957|
vector_arg<1>  |result<25>     |  186.091|
vector_arg<1>  |result<26>     |  185.869|
vector_arg<1>  |result<27>     |  185.755|
vector_arg<1>  |result<28>     |  186.276|
vector_arg<1>  |result<29>     |  185.943|
vector_arg<1>  |result<30>     |  186.248|
vector_arg<1>  |result<31>     |  186.301|
vector_arg<2>  |result<0>      |  179.803|
vector_arg<2>  |result<1>      |  179.597|
vector_arg<2>  |result<2>      |  180.005|
vector_arg<2>  |result<3>      |  179.937|
vector_arg<2>  |result<4>      |  180.071|
vector_arg<2>  |result<5>      |  180.314|
vector_arg<2>  |result<6>      |  180.207|
vector_arg<2>  |result<7>      |  180.073|
vector_arg<2>  |result<8>      |  180.328|
vector_arg<2>  |result<9>      |  180.265|
vector_arg<2>  |result<10>     |  180.701|
vector_arg<2>  |result<11>     |  179.849|
vector_arg<2>  |result<12>     |  180.393|
vector_arg<2>  |result<13>     |  180.792|
vector_arg<2>  |result<14>     |  180.056|
vector_arg<2>  |result<15>     |  180.382|
vector_arg<2>  |result<16>     |  183.924|
vector_arg<2>  |result<17>     |  183.832|
vector_arg<2>  |result<18>     |  184.203|
vector_arg<2>  |result<19>     |  184.064|
vector_arg<2>  |result<20>     |  183.855|
vector_arg<2>  |result<21>     |  184.148|
vector_arg<2>  |result<22>     |  183.637|
vector_arg<2>  |result<23>     |  184.108|
vector_arg<2>  |result<24>     |  183.855|
vector_arg<2>  |result<25>     |  183.989|
vector_arg<2>  |result<26>     |  183.767|
vector_arg<2>  |result<27>     |  183.653|
vector_arg<2>  |result<28>     |  184.174|
vector_arg<2>  |result<29>     |  183.841|
vector_arg<2>  |result<30>     |  184.146|
vector_arg<2>  |result<31>     |  184.199|
vector_arg<3>  |result<0>      |  178.947|
vector_arg<3>  |result<1>      |  178.741|
vector_arg<3>  |result<2>      |  179.149|
vector_arg<3>  |result<3>      |  179.081|
vector_arg<3>  |result<4>      |  179.215|
vector_arg<3>  |result<5>      |  179.458|
vector_arg<3>  |result<6>      |  179.351|
vector_arg<3>  |result<7>      |  179.217|
vector_arg<3>  |result<8>      |  179.472|
vector_arg<3>  |result<9>      |  179.409|
vector_arg<3>  |result<10>     |  179.845|
vector_arg<3>  |result<11>     |  178.993|
vector_arg<3>  |result<12>     |  179.537|
vector_arg<3>  |result<13>     |  179.936|
vector_arg<3>  |result<14>     |  179.200|
vector_arg<3>  |result<15>     |  179.526|
vector_arg<3>  |result<16>     |  183.068|
vector_arg<3>  |result<17>     |  182.976|
vector_arg<3>  |result<18>     |  183.347|
vector_arg<3>  |result<19>     |  183.208|
vector_arg<3>  |result<20>     |  182.999|
vector_arg<3>  |result<21>     |  183.292|
vector_arg<3>  |result<22>     |  182.781|
vector_arg<3>  |result<23>     |  183.252|
vector_arg<3>  |result<24>     |  182.999|
vector_arg<3>  |result<25>     |  183.133|
vector_arg<3>  |result<26>     |  182.911|
vector_arg<3>  |result<27>     |  182.797|
vector_arg<3>  |result<28>     |  183.318|
vector_arg<3>  |result<29>     |  182.985|
vector_arg<3>  |result<30>     |  183.290|
vector_arg<3>  |result<31>     |  183.343|
vector_arg<4>  |result<0>      |  174.608|
vector_arg<4>  |result<1>      |  174.402|
vector_arg<4>  |result<2>      |  174.810|
vector_arg<4>  |result<3>      |  174.742|
vector_arg<4>  |result<4>      |  174.876|
vector_arg<4>  |result<5>      |  175.119|
vector_arg<4>  |result<6>      |  175.012|
vector_arg<4>  |result<7>      |  174.878|
vector_arg<4>  |result<8>      |  175.133|
vector_arg<4>  |result<9>      |  175.070|
vector_arg<4>  |result<10>     |  175.506|
vector_arg<4>  |result<11>     |  174.654|
vector_arg<4>  |result<12>     |  175.198|
vector_arg<4>  |result<13>     |  175.597|
vector_arg<4>  |result<14>     |  174.861|
vector_arg<4>  |result<15>     |  175.187|
vector_arg<4>  |result<16>     |  178.729|
vector_arg<4>  |result<17>     |  178.637|
vector_arg<4>  |result<18>     |  179.008|
vector_arg<4>  |result<19>     |  178.869|
vector_arg<4>  |result<20>     |  178.660|
vector_arg<4>  |result<21>     |  178.953|
vector_arg<4>  |result<22>     |  178.442|
vector_arg<4>  |result<23>     |  178.913|
vector_arg<4>  |result<24>     |  178.660|
vector_arg<4>  |result<25>     |  178.794|
vector_arg<4>  |result<26>     |  178.572|
vector_arg<4>  |result<27>     |  178.458|
vector_arg<4>  |result<28>     |  178.979|
vector_arg<4>  |result<29>     |  178.646|
vector_arg<4>  |result<30>     |  178.951|
vector_arg<4>  |result<31>     |  179.004|
vector_arg<5>  |result<0>      |  175.168|
vector_arg<5>  |result<1>      |  174.962|
vector_arg<5>  |result<2>      |  175.370|
vector_arg<5>  |result<3>      |  175.302|
vector_arg<5>  |result<4>      |  175.436|
vector_arg<5>  |result<5>      |  175.679|
vector_arg<5>  |result<6>      |  175.572|
vector_arg<5>  |result<7>      |  175.438|
vector_arg<5>  |result<8>      |  175.693|
vector_arg<5>  |result<9>      |  175.630|
vector_arg<5>  |result<10>     |  176.066|
vector_arg<5>  |result<11>     |  175.214|
vector_arg<5>  |result<12>     |  175.758|
vector_arg<5>  |result<13>     |  176.157|
vector_arg<5>  |result<14>     |  175.421|
vector_arg<5>  |result<15>     |  175.747|
vector_arg<5>  |result<16>     |  179.289|
vector_arg<5>  |result<17>     |  179.197|
vector_arg<5>  |result<18>     |  179.568|
vector_arg<5>  |result<19>     |  179.429|
vector_arg<5>  |result<20>     |  179.220|
vector_arg<5>  |result<21>     |  179.513|
vector_arg<5>  |result<22>     |  179.002|
vector_arg<5>  |result<23>     |  179.473|
vector_arg<5>  |result<24>     |  179.220|
vector_arg<5>  |result<25>     |  179.354|
vector_arg<5>  |result<26>     |  179.132|
vector_arg<5>  |result<27>     |  179.018|
vector_arg<5>  |result<28>     |  179.539|
vector_arg<5>  |result<29>     |  179.206|
vector_arg<5>  |result<30>     |  179.511|
vector_arg<5>  |result<31>     |  179.564|
vector_arg<6>  |result<0>      |  174.817|
vector_arg<6>  |result<1>      |  174.611|
vector_arg<6>  |result<2>      |  175.019|
vector_arg<6>  |result<3>      |  174.951|
vector_arg<6>  |result<4>      |  175.085|
vector_arg<6>  |result<5>      |  175.328|
vector_arg<6>  |result<6>      |  175.221|
vector_arg<6>  |result<7>      |  175.087|
vector_arg<6>  |result<8>      |  175.342|
vector_arg<6>  |result<9>      |  175.279|
vector_arg<6>  |result<10>     |  175.715|
vector_arg<6>  |result<11>     |  174.863|
vector_arg<6>  |result<12>     |  175.407|
vector_arg<6>  |result<13>     |  175.806|
vector_arg<6>  |result<14>     |  175.070|
vector_arg<6>  |result<15>     |  175.396|
vector_arg<6>  |result<16>     |  178.938|
vector_arg<6>  |result<17>     |  178.846|
vector_arg<6>  |result<18>     |  179.217|
vector_arg<6>  |result<19>     |  179.078|
vector_arg<6>  |result<20>     |  178.869|
vector_arg<6>  |result<21>     |  179.162|
vector_arg<6>  |result<22>     |  178.651|
vector_arg<6>  |result<23>     |  179.122|
vector_arg<6>  |result<24>     |  178.869|
vector_arg<6>  |result<25>     |  179.003|
vector_arg<6>  |result<26>     |  178.781|
vector_arg<6>  |result<27>     |  178.667|
vector_arg<6>  |result<28>     |  179.188|
vector_arg<6>  |result<29>     |  178.855|
vector_arg<6>  |result<30>     |  179.160|
vector_arg<6>  |result<31>     |  179.213|
vector_arg<7>  |result<0>      |  173.807|
vector_arg<7>  |result<1>      |  173.601|
vector_arg<7>  |result<2>      |  174.009|
vector_arg<7>  |result<3>      |  173.941|
vector_arg<7>  |result<4>      |  174.075|
vector_arg<7>  |result<5>      |  174.318|
vector_arg<7>  |result<6>      |  174.211|
vector_arg<7>  |result<7>      |  174.077|
vector_arg<7>  |result<8>      |  174.332|
vector_arg<7>  |result<9>      |  174.269|
vector_arg<7>  |result<10>     |  174.705|
vector_arg<7>  |result<11>     |  173.853|
vector_arg<7>  |result<12>     |  174.397|
vector_arg<7>  |result<13>     |  174.796|
vector_arg<7>  |result<14>     |  174.060|
vector_arg<7>  |result<15>     |  174.386|
vector_arg<7>  |result<16>     |  177.928|
vector_arg<7>  |result<17>     |  177.836|
vector_arg<7>  |result<18>     |  178.207|
vector_arg<7>  |result<19>     |  178.068|
vector_arg<7>  |result<20>     |  177.859|
vector_arg<7>  |result<21>     |  178.152|
vector_arg<7>  |result<22>     |  177.641|
vector_arg<7>  |result<23>     |  178.112|
vector_arg<7>  |result<24>     |  177.859|
vector_arg<7>  |result<25>     |  177.993|
vector_arg<7>  |result<26>     |  177.771|
vector_arg<7>  |result<27>     |  177.657|
vector_arg<7>  |result<28>     |  178.178|
vector_arg<7>  |result<29>     |  177.845|
vector_arg<7>  |result<30>     |  178.150|
vector_arg<7>  |result<31>     |  178.203|
vector_arg<8>  |result<0>      |  174.296|
vector_arg<8>  |result<1>      |  174.090|
vector_arg<8>  |result<2>      |  174.498|
vector_arg<8>  |result<3>      |  174.430|
vector_arg<8>  |result<4>      |  174.564|
vector_arg<8>  |result<5>      |  174.807|
vector_arg<8>  |result<6>      |  174.700|
vector_arg<8>  |result<7>      |  174.566|
vector_arg<8>  |result<8>      |  174.821|
vector_arg<8>  |result<9>      |  174.758|
vector_arg<8>  |result<10>     |  175.194|
vector_arg<8>  |result<11>     |  174.342|
vector_arg<8>  |result<12>     |  174.886|
vector_arg<8>  |result<13>     |  175.285|
vector_arg<8>  |result<14>     |  174.549|
vector_arg<8>  |result<15>     |  174.875|
vector_arg<8>  |result<16>     |  178.417|
vector_arg<8>  |result<17>     |  178.325|
vector_arg<8>  |result<18>     |  178.696|
vector_arg<8>  |result<19>     |  178.557|
vector_arg<8>  |result<20>     |  178.348|
vector_arg<8>  |result<21>     |  178.641|
vector_arg<8>  |result<22>     |  178.130|
vector_arg<8>  |result<23>     |  178.601|
vector_arg<8>  |result<24>     |  178.348|
vector_arg<8>  |result<25>     |  178.482|
vector_arg<8>  |result<26>     |  178.260|
vector_arg<8>  |result<27>     |  178.146|
vector_arg<8>  |result<28>     |  178.667|
vector_arg<8>  |result<29>     |  178.334|
vector_arg<8>  |result<30>     |  178.639|
vector_arg<8>  |result<31>     |  178.692|
vector_arg<9>  |result<0>      |  174.054|
vector_arg<9>  |result<1>      |  173.848|
vector_arg<9>  |result<2>      |  174.256|
vector_arg<9>  |result<3>      |  174.188|
vector_arg<9>  |result<4>      |  174.322|
vector_arg<9>  |result<5>      |  174.565|
vector_arg<9>  |result<6>      |  174.458|
vector_arg<9>  |result<7>      |  174.324|
vector_arg<9>  |result<8>      |  174.579|
vector_arg<9>  |result<9>      |  174.516|
vector_arg<9>  |result<10>     |  174.952|
vector_arg<9>  |result<11>     |  174.100|
vector_arg<9>  |result<12>     |  174.644|
vector_arg<9>  |result<13>     |  175.043|
vector_arg<9>  |result<14>     |  174.307|
vector_arg<9>  |result<15>     |  174.633|
vector_arg<9>  |result<16>     |  178.175|
vector_arg<9>  |result<17>     |  178.083|
vector_arg<9>  |result<18>     |  178.454|
vector_arg<9>  |result<19>     |  178.315|
vector_arg<9>  |result<20>     |  178.106|
vector_arg<9>  |result<21>     |  178.399|
vector_arg<9>  |result<22>     |  177.888|
vector_arg<9>  |result<23>     |  178.359|
vector_arg<9>  |result<24>     |  178.106|
vector_arg<9>  |result<25>     |  178.240|
vector_arg<9>  |result<26>     |  178.018|
vector_arg<9>  |result<27>     |  177.904|
vector_arg<9>  |result<28>     |  178.425|
vector_arg<9>  |result<29>     |  178.092|
vector_arg<9>  |result<30>     |  178.397|
vector_arg<9>  |result<31>     |  178.450|
vector_arg<10> |result<0>      |  172.987|
vector_arg<10> |result<1>      |  172.781|
vector_arg<10> |result<2>      |  173.189|
vector_arg<10> |result<3>      |  173.121|
vector_arg<10> |result<4>      |  173.255|
vector_arg<10> |result<5>      |  173.498|
vector_arg<10> |result<6>      |  173.391|
vector_arg<10> |result<7>      |  173.257|
vector_arg<10> |result<8>      |  173.512|
vector_arg<10> |result<9>      |  173.449|
vector_arg<10> |result<10>     |  173.885|
vector_arg<10> |result<11>     |  173.033|
vector_arg<10> |result<12>     |  173.577|
vector_arg<10> |result<13>     |  173.976|
vector_arg<10> |result<14>     |  173.240|
vector_arg<10> |result<15>     |  173.566|
vector_arg<10> |result<16>     |  177.108|
vector_arg<10> |result<17>     |  177.016|
vector_arg<10> |result<18>     |  177.387|
vector_arg<10> |result<19>     |  177.248|
vector_arg<10> |result<20>     |  177.039|
vector_arg<10> |result<21>     |  177.332|
vector_arg<10> |result<22>     |  176.821|
vector_arg<10> |result<23>     |  177.292|
vector_arg<10> |result<24>     |  177.039|
vector_arg<10> |result<25>     |  177.173|
vector_arg<10> |result<26>     |  176.951|
vector_arg<10> |result<27>     |  176.837|
vector_arg<10> |result<28>     |  177.358|
vector_arg<10> |result<29>     |  177.025|
vector_arg<10> |result<30>     |  177.330|
vector_arg<10> |result<31>     |  177.383|
vector_arg<11> |result<0>      |  173.653|
vector_arg<11> |result<1>      |  173.447|
vector_arg<11> |result<2>      |  173.855|
vector_arg<11> |result<3>      |  173.787|
vector_arg<11> |result<4>      |  173.921|
vector_arg<11> |result<5>      |  174.164|
vector_arg<11> |result<6>      |  174.057|
vector_arg<11> |result<7>      |  173.923|
vector_arg<11> |result<8>      |  174.178|
vector_arg<11> |result<9>      |  174.115|
vector_arg<11> |result<10>     |  174.551|
vector_arg<11> |result<11>     |  173.699|
vector_arg<11> |result<12>     |  174.243|
vector_arg<11> |result<13>     |  174.642|
vector_arg<11> |result<14>     |  173.906|
vector_arg<11> |result<15>     |  174.232|
vector_arg<11> |result<16>     |  177.774|
vector_arg<11> |result<17>     |  177.682|
vector_arg<11> |result<18>     |  178.053|
vector_arg<11> |result<19>     |  177.914|
vector_arg<11> |result<20>     |  177.705|
vector_arg<11> |result<21>     |  177.998|
vector_arg<11> |result<22>     |  177.487|
vector_arg<11> |result<23>     |  177.958|
vector_arg<11> |result<24>     |  177.705|
vector_arg<11> |result<25>     |  177.839|
vector_arg<11> |result<26>     |  177.617|
vector_arg<11> |result<27>     |  177.503|
vector_arg<11> |result<28>     |  178.024|
vector_arg<11> |result<29>     |  177.691|
vector_arg<11> |result<30>     |  177.996|
vector_arg<11> |result<31>     |  178.049|
vector_arg<12> |result<0>      |  172.286|
vector_arg<12> |result<1>      |  172.080|
vector_arg<12> |result<2>      |  172.488|
vector_arg<12> |result<3>      |  172.420|
vector_arg<12> |result<4>      |  172.554|
vector_arg<12> |result<5>      |  172.797|
vector_arg<12> |result<6>      |  172.690|
vector_arg<12> |result<7>      |  172.556|
vector_arg<12> |result<8>      |  172.811|
vector_arg<12> |result<9>      |  172.748|
vector_arg<12> |result<10>     |  173.184|
vector_arg<12> |result<11>     |  172.332|
vector_arg<12> |result<12>     |  172.876|
vector_arg<12> |result<13>     |  173.275|
vector_arg<12> |result<14>     |  172.539|
vector_arg<12> |result<15>     |  172.865|
vector_arg<12> |result<16>     |  176.407|
vector_arg<12> |result<17>     |  176.315|
vector_arg<12> |result<18>     |  176.686|
vector_arg<12> |result<19>     |  176.547|
vector_arg<12> |result<20>     |  176.338|
vector_arg<12> |result<21>     |  176.631|
vector_arg<12> |result<22>     |  176.120|
vector_arg<12> |result<23>     |  176.591|
vector_arg<12> |result<24>     |  176.338|
vector_arg<12> |result<25>     |  176.472|
vector_arg<12> |result<26>     |  176.250|
vector_arg<12> |result<27>     |  176.136|
vector_arg<12> |result<28>     |  176.657|
vector_arg<12> |result<29>     |  176.324|
vector_arg<12> |result<30>     |  176.629|
vector_arg<12> |result<31>     |  176.682|
vector_arg<13> |result<0>      |  172.545|
vector_arg<13> |result<1>      |  172.339|
vector_arg<13> |result<2>      |  172.747|
vector_arg<13> |result<3>      |  172.679|
vector_arg<13> |result<4>      |  172.813|
vector_arg<13> |result<5>      |  173.056|
vector_arg<13> |result<6>      |  172.949|
vector_arg<13> |result<7>      |  172.815|
vector_arg<13> |result<8>      |  173.070|
vector_arg<13> |result<9>      |  173.007|
vector_arg<13> |result<10>     |  173.443|
vector_arg<13> |result<11>     |  172.591|
vector_arg<13> |result<12>     |  173.135|
vector_arg<13> |result<13>     |  173.534|
vector_arg<13> |result<14>     |  172.798|
vector_arg<13> |result<15>     |  173.124|
vector_arg<13> |result<16>     |  176.666|
vector_arg<13> |result<17>     |  176.574|
vector_arg<13> |result<18>     |  176.945|
vector_arg<13> |result<19>     |  176.806|
vector_arg<13> |result<20>     |  176.597|
vector_arg<13> |result<21>     |  176.890|
vector_arg<13> |result<22>     |  176.379|
vector_arg<13> |result<23>     |  176.850|
vector_arg<13> |result<24>     |  176.597|
vector_arg<13> |result<25>     |  176.731|
vector_arg<13> |result<26>     |  176.509|
vector_arg<13> |result<27>     |  176.395|
vector_arg<13> |result<28>     |  176.916|
vector_arg<13> |result<29>     |  176.583|
vector_arg<13> |result<30>     |  176.888|
vector_arg<13> |result<31>     |  176.941|
vector_arg<14> |result<0>      |  172.793|
vector_arg<14> |result<1>      |  172.587|
vector_arg<14> |result<2>      |  172.995|
vector_arg<14> |result<3>      |  172.927|
vector_arg<14> |result<4>      |  173.061|
vector_arg<14> |result<5>      |  173.304|
vector_arg<14> |result<6>      |  173.197|
vector_arg<14> |result<7>      |  173.063|
vector_arg<14> |result<8>      |  173.318|
vector_arg<14> |result<9>      |  173.255|
vector_arg<14> |result<10>     |  173.691|
vector_arg<14> |result<11>     |  172.839|
vector_arg<14> |result<12>     |  173.383|
vector_arg<14> |result<13>     |  173.782|
vector_arg<14> |result<14>     |  173.046|
vector_arg<14> |result<15>     |  173.372|
vector_arg<14> |result<16>     |  176.914|
vector_arg<14> |result<17>     |  176.822|
vector_arg<14> |result<18>     |  177.193|
vector_arg<14> |result<19>     |  177.054|
vector_arg<14> |result<20>     |  176.845|
vector_arg<14> |result<21>     |  177.138|
vector_arg<14> |result<22>     |  176.627|
vector_arg<14> |result<23>     |  177.098|
vector_arg<14> |result<24>     |  176.845|
vector_arg<14> |result<25>     |  176.979|
vector_arg<14> |result<26>     |  176.757|
vector_arg<14> |result<27>     |  176.643|
vector_arg<14> |result<28>     |  177.164|
vector_arg<14> |result<29>     |  176.831|
vector_arg<14> |result<30>     |  177.136|
vector_arg<14> |result<31>     |  177.189|
vector_arg<15> |result<0>      |  172.342|
vector_arg<15> |result<1>      |  172.136|
vector_arg<15> |result<2>      |  172.544|
vector_arg<15> |result<3>      |  172.476|
vector_arg<15> |result<4>      |  172.610|
vector_arg<15> |result<5>      |  172.853|
vector_arg<15> |result<6>      |  172.746|
vector_arg<15> |result<7>      |  172.612|
vector_arg<15> |result<8>      |  172.867|
vector_arg<15> |result<9>      |  172.804|
vector_arg<15> |result<10>     |  173.240|
vector_arg<15> |result<11>     |  172.388|
vector_arg<15> |result<12>     |  172.932|
vector_arg<15> |result<13>     |  173.331|
vector_arg<15> |result<14>     |  172.595|
vector_arg<15> |result<15>     |  172.921|
vector_arg<15> |result<16>     |  176.463|
vector_arg<15> |result<17>     |  176.371|
vector_arg<15> |result<18>     |  176.742|
vector_arg<15> |result<19>     |  176.603|
vector_arg<15> |result<20>     |  176.394|
vector_arg<15> |result<21>     |  176.687|
vector_arg<15> |result<22>     |  176.176|
vector_arg<15> |result<23>     |  176.647|
vector_arg<15> |result<24>     |  176.394|
vector_arg<15> |result<25>     |  176.528|
vector_arg<15> |result<26>     |  176.306|
vector_arg<15> |result<27>     |  176.192|
vector_arg<15> |result<28>     |  176.713|
vector_arg<15> |result<29>     |  176.380|
vector_arg<15> |result<30>     |  176.685|
vector_arg<15> |result<31>     |  176.738|
vector_arg<16> |result<0>      |  181.125|
vector_arg<16> |result<1>      |  180.919|
vector_arg<16> |result<2>      |  181.327|
vector_arg<16> |result<3>      |  181.259|
vector_arg<16> |result<4>      |  181.393|
vector_arg<16> |result<5>      |  181.636|
vector_arg<16> |result<6>      |  181.529|
vector_arg<16> |result<7>      |  181.395|
vector_arg<16> |result<8>      |  181.650|
vector_arg<16> |result<9>      |  181.587|
vector_arg<16> |result<10>     |  182.023|
vector_arg<16> |result<11>     |  181.171|
vector_arg<16> |result<12>     |  181.715|
vector_arg<16> |result<13>     |  182.114|
vector_arg<16> |result<14>     |  181.378|
vector_arg<16> |result<15>     |  181.704|
vector_arg<16> |result<16>     |  185.246|
vector_arg<16> |result<17>     |  185.154|
vector_arg<16> |result<18>     |  185.525|
vector_arg<16> |result<19>     |  185.386|
vector_arg<16> |result<20>     |  185.177|
vector_arg<16> |result<21>     |  185.470|
vector_arg<16> |result<22>     |  184.959|
vector_arg<16> |result<23>     |  185.430|
vector_arg<16> |result<24>     |  185.177|
vector_arg<16> |result<25>     |  185.311|
vector_arg<16> |result<26>     |  185.089|
vector_arg<16> |result<27>     |  184.975|
vector_arg<16> |result<28>     |  185.496|
vector_arg<16> |result<29>     |  185.163|
vector_arg<16> |result<30>     |  185.468|
vector_arg<16> |result<31>     |  185.521|
vector_arg<17> |result<0>      |  180.782|
vector_arg<17> |result<1>      |  180.576|
vector_arg<17> |result<2>      |  180.984|
vector_arg<17> |result<3>      |  180.916|
vector_arg<17> |result<4>      |  181.050|
vector_arg<17> |result<5>      |  181.293|
vector_arg<17> |result<6>      |  181.186|
vector_arg<17> |result<7>      |  181.052|
vector_arg<17> |result<8>      |  181.307|
vector_arg<17> |result<9>      |  181.244|
vector_arg<17> |result<10>     |  181.680|
vector_arg<17> |result<11>     |  180.828|
vector_arg<17> |result<12>     |  181.372|
vector_arg<17> |result<13>     |  181.771|
vector_arg<17> |result<14>     |  181.035|
vector_arg<17> |result<15>     |  181.361|
vector_arg<17> |result<16>     |  184.903|
vector_arg<17> |result<17>     |  184.811|
vector_arg<17> |result<18>     |  185.182|
vector_arg<17> |result<19>     |  185.043|
vector_arg<17> |result<20>     |  184.834|
vector_arg<17> |result<21>     |  185.127|
vector_arg<17> |result<22>     |  184.616|
vector_arg<17> |result<23>     |  185.087|
vector_arg<17> |result<24>     |  184.834|
vector_arg<17> |result<25>     |  184.968|
vector_arg<17> |result<26>     |  184.746|
vector_arg<17> |result<27>     |  184.632|
vector_arg<17> |result<28>     |  185.153|
vector_arg<17> |result<29>     |  184.820|
vector_arg<17> |result<30>     |  185.125|
vector_arg<17> |result<31>     |  185.178|
vector_arg<18> |result<0>      |  180.879|
vector_arg<18> |result<1>      |  180.673|
vector_arg<18> |result<2>      |  181.081|
vector_arg<18> |result<3>      |  181.013|
vector_arg<18> |result<4>      |  181.147|
vector_arg<18> |result<5>      |  181.390|
vector_arg<18> |result<6>      |  181.283|
vector_arg<18> |result<7>      |  181.149|
vector_arg<18> |result<8>      |  181.404|
vector_arg<18> |result<9>      |  181.341|
vector_arg<18> |result<10>     |  181.777|
vector_arg<18> |result<11>     |  180.925|
vector_arg<18> |result<12>     |  181.469|
vector_arg<18> |result<13>     |  181.868|
vector_arg<18> |result<14>     |  181.132|
vector_arg<18> |result<15>     |  181.458|
vector_arg<18> |result<16>     |  185.000|
vector_arg<18> |result<17>     |  184.908|
vector_arg<18> |result<18>     |  185.279|
vector_arg<18> |result<19>     |  185.140|
vector_arg<18> |result<20>     |  184.931|
vector_arg<18> |result<21>     |  185.224|
vector_arg<18> |result<22>     |  184.713|
vector_arg<18> |result<23>     |  185.184|
vector_arg<18> |result<24>     |  184.931|
vector_arg<18> |result<25>     |  185.065|
vector_arg<18> |result<26>     |  184.843|
vector_arg<18> |result<27>     |  184.729|
vector_arg<18> |result<28>     |  185.250|
vector_arg<18> |result<29>     |  184.917|
vector_arg<18> |result<30>     |  185.222|
vector_arg<18> |result<31>     |  185.275|
vector_arg<19> |result<0>      |  179.266|
vector_arg<19> |result<1>      |  179.060|
vector_arg<19> |result<2>      |  179.468|
vector_arg<19> |result<3>      |  179.400|
vector_arg<19> |result<4>      |  179.534|
vector_arg<19> |result<5>      |  179.777|
vector_arg<19> |result<6>      |  179.670|
vector_arg<19> |result<7>      |  179.536|
vector_arg<19> |result<8>      |  179.791|
vector_arg<19> |result<9>      |  179.728|
vector_arg<19> |result<10>     |  180.164|
vector_arg<19> |result<11>     |  179.312|
vector_arg<19> |result<12>     |  179.856|
vector_arg<19> |result<13>     |  180.255|
vector_arg<19> |result<14>     |  179.519|
vector_arg<19> |result<15>     |  179.845|
vector_arg<19> |result<16>     |  183.387|
vector_arg<19> |result<17>     |  183.295|
vector_arg<19> |result<18>     |  183.666|
vector_arg<19> |result<19>     |  183.527|
vector_arg<19> |result<20>     |  183.318|
vector_arg<19> |result<21>     |  183.611|
vector_arg<19> |result<22>     |  183.100|
vector_arg<19> |result<23>     |  183.571|
vector_arg<19> |result<24>     |  183.318|
vector_arg<19> |result<25>     |  183.452|
vector_arg<19> |result<26>     |  183.230|
vector_arg<19> |result<27>     |  183.116|
vector_arg<19> |result<28>     |  183.637|
vector_arg<19> |result<29>     |  183.304|
vector_arg<19> |result<30>     |  183.609|
vector_arg<19> |result<31>     |  183.662|
vector_arg<20> |result<0>      |  173.768|
vector_arg<20> |result<1>      |  173.562|
vector_arg<20> |result<2>      |  173.970|
vector_arg<20> |result<3>      |  173.902|
vector_arg<20> |result<4>      |  174.036|
vector_arg<20> |result<5>      |  174.279|
vector_arg<20> |result<6>      |  174.172|
vector_arg<20> |result<7>      |  174.038|
vector_arg<20> |result<8>      |  174.293|
vector_arg<20> |result<9>      |  174.230|
vector_arg<20> |result<10>     |  174.666|
vector_arg<20> |result<11>     |  173.814|
vector_arg<20> |result<12>     |  174.358|
vector_arg<20> |result<13>     |  174.757|
vector_arg<20> |result<14>     |  174.021|
vector_arg<20> |result<15>     |  174.347|
vector_arg<20> |result<16>     |  177.889|
vector_arg<20> |result<17>     |  177.797|
vector_arg<20> |result<18>     |  178.168|
vector_arg<20> |result<19>     |  178.029|
vector_arg<20> |result<20>     |  177.820|
vector_arg<20> |result<21>     |  178.113|
vector_arg<20> |result<22>     |  177.602|
vector_arg<20> |result<23>     |  178.073|
vector_arg<20> |result<24>     |  177.820|
vector_arg<20> |result<25>     |  177.954|
vector_arg<20> |result<26>     |  177.732|
vector_arg<20> |result<27>     |  177.618|
vector_arg<20> |result<28>     |  178.139|
vector_arg<20> |result<29>     |  177.806|
vector_arg<20> |result<30>     |  178.111|
vector_arg<20> |result<31>     |  178.164|
vector_arg<21> |result<0>      |  172.721|
vector_arg<21> |result<1>      |  172.515|
vector_arg<21> |result<2>      |  172.923|
vector_arg<21> |result<3>      |  172.855|
vector_arg<21> |result<4>      |  172.989|
vector_arg<21> |result<5>      |  173.232|
vector_arg<21> |result<6>      |  173.125|
vector_arg<21> |result<7>      |  172.991|
vector_arg<21> |result<8>      |  173.246|
vector_arg<21> |result<9>      |  173.183|
vector_arg<21> |result<10>     |  173.619|
vector_arg<21> |result<11>     |  172.767|
vector_arg<21> |result<12>     |  173.311|
vector_arg<21> |result<13>     |  173.710|
vector_arg<21> |result<14>     |  172.974|
vector_arg<21> |result<15>     |  173.300|
vector_arg<21> |result<16>     |  176.842|
vector_arg<21> |result<17>     |  176.750|
vector_arg<21> |result<18>     |  177.121|
vector_arg<21> |result<19>     |  176.982|
vector_arg<21> |result<20>     |  176.773|
vector_arg<21> |result<21>     |  177.066|
vector_arg<21> |result<22>     |  176.555|
vector_arg<21> |result<23>     |  177.026|
vector_arg<21> |result<24>     |  176.773|
vector_arg<21> |result<25>     |  176.907|
vector_arg<21> |result<26>     |  176.685|
vector_arg<21> |result<27>     |  176.571|
vector_arg<21> |result<28>     |  177.092|
vector_arg<21> |result<29>     |  176.759|
vector_arg<21> |result<30>     |  177.064|
vector_arg<21> |result<31>     |  177.117|
vector_arg<22> |result<0>      |  173.094|
vector_arg<22> |result<1>      |  172.888|
vector_arg<22> |result<2>      |  173.296|
vector_arg<22> |result<3>      |  173.228|
vector_arg<22> |result<4>      |  173.362|
vector_arg<22> |result<5>      |  173.605|
vector_arg<22> |result<6>      |  173.498|
vector_arg<22> |result<7>      |  173.364|
vector_arg<22> |result<8>      |  173.619|
vector_arg<22> |result<9>      |  173.556|
vector_arg<22> |result<10>     |  173.992|
vector_arg<22> |result<11>     |  173.140|
vector_arg<22> |result<12>     |  173.684|
vector_arg<22> |result<13>     |  174.083|
vector_arg<22> |result<14>     |  173.347|
vector_arg<22> |result<15>     |  173.673|
vector_arg<22> |result<16>     |  177.215|
vector_arg<22> |result<17>     |  177.123|
vector_arg<22> |result<18>     |  177.494|
vector_arg<22> |result<19>     |  177.355|
vector_arg<22> |result<20>     |  177.146|
vector_arg<22> |result<21>     |  177.439|
vector_arg<22> |result<22>     |  176.928|
vector_arg<22> |result<23>     |  177.399|
vector_arg<22> |result<24>     |  177.146|
vector_arg<22> |result<25>     |  177.280|
vector_arg<22> |result<26>     |  177.058|
vector_arg<22> |result<27>     |  176.944|
vector_arg<22> |result<28>     |  177.465|
vector_arg<22> |result<29>     |  177.132|
vector_arg<22> |result<30>     |  177.437|
vector_arg<22> |result<31>     |  177.490|
vector_arg<23> |result<0>      |  172.534|
vector_arg<23> |result<1>      |  172.328|
vector_arg<23> |result<2>      |  172.736|
vector_arg<23> |result<3>      |  172.668|
vector_arg<23> |result<4>      |  172.802|
vector_arg<23> |result<5>      |  173.045|
vector_arg<23> |result<6>      |  172.938|
vector_arg<23> |result<7>      |  172.804|
vector_arg<23> |result<8>      |  173.059|
vector_arg<23> |result<9>      |  172.996|
vector_arg<23> |result<10>     |  173.432|
vector_arg<23> |result<11>     |  172.580|
vector_arg<23> |result<12>     |  173.124|
vector_arg<23> |result<13>     |  173.523|
vector_arg<23> |result<14>     |  172.787|
vector_arg<23> |result<15>     |  173.113|
vector_arg<23> |result<16>     |  176.655|
vector_arg<23> |result<17>     |  176.563|
vector_arg<23> |result<18>     |  176.934|
vector_arg<23> |result<19>     |  176.795|
vector_arg<23> |result<20>     |  176.586|
vector_arg<23> |result<21>     |  176.879|
vector_arg<23> |result<22>     |  176.368|
vector_arg<23> |result<23>     |  176.839|
vector_arg<23> |result<24>     |  176.586|
vector_arg<23> |result<25>     |  176.720|
vector_arg<23> |result<26>     |  176.498|
vector_arg<23> |result<27>     |  176.384|
vector_arg<23> |result<28>     |  176.905|
vector_arg<23> |result<29>     |  176.572|
vector_arg<23> |result<30>     |  176.877|
vector_arg<23> |result<31>     |  176.930|
vector_arg<24> |result<0>      |  172.318|
vector_arg<24> |result<1>      |  172.112|
vector_arg<24> |result<2>      |  172.520|
vector_arg<24> |result<3>      |  172.452|
vector_arg<24> |result<4>      |  172.586|
vector_arg<24> |result<5>      |  172.829|
vector_arg<24> |result<6>      |  172.722|
vector_arg<24> |result<7>      |  172.588|
vector_arg<24> |result<8>      |  172.843|
vector_arg<24> |result<9>      |  172.780|
vector_arg<24> |result<10>     |  173.216|
vector_arg<24> |result<11>     |  172.364|
vector_arg<24> |result<12>     |  172.908|
vector_arg<24> |result<13>     |  173.307|
vector_arg<24> |result<14>     |  172.571|
vector_arg<24> |result<15>     |  172.897|
vector_arg<24> |result<16>     |  176.439|
vector_arg<24> |result<17>     |  176.347|
vector_arg<24> |result<18>     |  176.718|
vector_arg<24> |result<19>     |  176.579|
vector_arg<24> |result<20>     |  176.370|
vector_arg<24> |result<21>     |  176.663|
vector_arg<24> |result<22>     |  176.152|
vector_arg<24> |result<23>     |  176.623|
vector_arg<24> |result<24>     |  176.370|
vector_arg<24> |result<25>     |  176.504|
vector_arg<24> |result<26>     |  176.282|
vector_arg<24> |result<27>     |  176.168|
vector_arg<24> |result<28>     |  176.689|
vector_arg<24> |result<29>     |  176.356|
vector_arg<24> |result<30>     |  176.661|
vector_arg<24> |result<31>     |  176.714|
vector_arg<25> |result<0>      |  171.626|
vector_arg<25> |result<1>      |  171.420|
vector_arg<25> |result<2>      |  171.828|
vector_arg<25> |result<3>      |  171.760|
vector_arg<25> |result<4>      |  171.894|
vector_arg<25> |result<5>      |  172.137|
vector_arg<25> |result<6>      |  172.030|
vector_arg<25> |result<7>      |  171.896|
vector_arg<25> |result<8>      |  172.151|
vector_arg<25> |result<9>      |  172.088|
vector_arg<25> |result<10>     |  172.524|
vector_arg<25> |result<11>     |  171.672|
vector_arg<25> |result<12>     |  172.216|
vector_arg<25> |result<13>     |  172.615|
vector_arg<25> |result<14>     |  171.879|
vector_arg<25> |result<15>     |  172.205|
vector_arg<25> |result<16>     |  175.747|
vector_arg<25> |result<17>     |  175.655|
vector_arg<25> |result<18>     |  176.026|
vector_arg<25> |result<19>     |  175.887|
vector_arg<25> |result<20>     |  175.678|
vector_arg<25> |result<21>     |  175.971|
vector_arg<25> |result<22>     |  175.460|
vector_arg<25> |result<23>     |  175.931|
vector_arg<25> |result<24>     |  175.678|
vector_arg<25> |result<25>     |  175.812|
vector_arg<25> |result<26>     |  175.590|
vector_arg<25> |result<27>     |  175.476|
vector_arg<25> |result<28>     |  175.997|
vector_arg<25> |result<29>     |  175.664|
vector_arg<25> |result<30>     |  175.969|
vector_arg<25> |result<31>     |  176.022|
vector_arg<26> |result<0>      |  172.132|
vector_arg<26> |result<1>      |  171.926|
vector_arg<26> |result<2>      |  172.334|
vector_arg<26> |result<3>      |  172.266|
vector_arg<26> |result<4>      |  172.400|
vector_arg<26> |result<5>      |  172.643|
vector_arg<26> |result<6>      |  172.536|
vector_arg<26> |result<7>      |  172.402|
vector_arg<26> |result<8>      |  172.657|
vector_arg<26> |result<9>      |  172.594|
vector_arg<26> |result<10>     |  173.030|
vector_arg<26> |result<11>     |  172.178|
vector_arg<26> |result<12>     |  172.722|
vector_arg<26> |result<13>     |  173.121|
vector_arg<26> |result<14>     |  172.385|
vector_arg<26> |result<15>     |  172.711|
vector_arg<26> |result<16>     |  176.253|
vector_arg<26> |result<17>     |  176.161|
vector_arg<26> |result<18>     |  176.532|
vector_arg<26> |result<19>     |  176.393|
vector_arg<26> |result<20>     |  176.184|
vector_arg<26> |result<21>     |  176.477|
vector_arg<26> |result<22>     |  175.966|
vector_arg<26> |result<23>     |  176.437|
vector_arg<26> |result<24>     |  176.184|
vector_arg<26> |result<25>     |  176.318|
vector_arg<26> |result<26>     |  176.096|
vector_arg<26> |result<27>     |  175.982|
vector_arg<26> |result<28>     |  176.503|
vector_arg<26> |result<29>     |  176.170|
vector_arg<26> |result<30>     |  176.475|
vector_arg<26> |result<31>     |  176.528|
vector_arg<27> |result<0>      |  171.302|
vector_arg<27> |result<1>      |  171.096|
vector_arg<27> |result<2>      |  171.504|
vector_arg<27> |result<3>      |  171.436|
vector_arg<27> |result<4>      |  171.570|
vector_arg<27> |result<5>      |  171.813|
vector_arg<27> |result<6>      |  171.706|
vector_arg<27> |result<7>      |  171.572|
vector_arg<27> |result<8>      |  171.827|
vector_arg<27> |result<9>      |  171.764|
vector_arg<27> |result<10>     |  172.200|
vector_arg<27> |result<11>     |  171.348|
vector_arg<27> |result<12>     |  171.892|
vector_arg<27> |result<13>     |  172.291|
vector_arg<27> |result<14>     |  171.555|
vector_arg<27> |result<15>     |  171.881|
vector_arg<27> |result<16>     |  175.423|
vector_arg<27> |result<17>     |  175.331|
vector_arg<27> |result<18>     |  175.702|
vector_arg<27> |result<19>     |  175.563|
vector_arg<27> |result<20>     |  175.354|
vector_arg<27> |result<21>     |  175.647|
vector_arg<27> |result<22>     |  175.136|
vector_arg<27> |result<23>     |  175.607|
vector_arg<27> |result<24>     |  175.354|
vector_arg<27> |result<25>     |  175.488|
vector_arg<27> |result<26>     |  175.266|
vector_arg<27> |result<27>     |  175.152|
vector_arg<27> |result<28>     |  175.673|
vector_arg<27> |result<29>     |  175.340|
vector_arg<27> |result<30>     |  175.645|
vector_arg<27> |result<31>     |  175.698|
vector_arg<28> |result<0>      |  171.604|
vector_arg<28> |result<1>      |  171.398|
vector_arg<28> |result<2>      |  171.806|
vector_arg<28> |result<3>      |  171.738|
vector_arg<28> |result<4>      |  171.872|
vector_arg<28> |result<5>      |  172.115|
vector_arg<28> |result<6>      |  172.008|
vector_arg<28> |result<7>      |  171.874|
vector_arg<28> |result<8>      |  172.129|
vector_arg<28> |result<9>      |  172.066|
vector_arg<28> |result<10>     |  172.502|
vector_arg<28> |result<11>     |  171.650|
vector_arg<28> |result<12>     |  172.194|
vector_arg<28> |result<13>     |  172.593|
vector_arg<28> |result<14>     |  171.857|
vector_arg<28> |result<15>     |  172.183|
vector_arg<28> |result<16>     |  175.725|
vector_arg<28> |result<17>     |  175.633|
vector_arg<28> |result<18>     |  176.004|
vector_arg<28> |result<19>     |  175.865|
vector_arg<28> |result<20>     |  175.656|
vector_arg<28> |result<21>     |  175.949|
vector_arg<28> |result<22>     |  175.438|
vector_arg<28> |result<23>     |  175.909|
vector_arg<28> |result<24>     |  175.656|
vector_arg<28> |result<25>     |  175.790|
vector_arg<28> |result<26>     |  175.568|
vector_arg<28> |result<27>     |  175.454|
vector_arg<28> |result<28>     |  175.975|
vector_arg<28> |result<29>     |  175.642|
vector_arg<28> |result<30>     |  175.947|
vector_arg<28> |result<31>     |  176.000|
vector_arg<29> |result<0>      |  171.509|
vector_arg<29> |result<1>      |  171.303|
vector_arg<29> |result<2>      |  171.711|
vector_arg<29> |result<3>      |  171.643|
vector_arg<29> |result<4>      |  171.777|
vector_arg<29> |result<5>      |  172.020|
vector_arg<29> |result<6>      |  171.913|
vector_arg<29> |result<7>      |  171.779|
vector_arg<29> |result<8>      |  172.034|
vector_arg<29> |result<9>      |  171.971|
vector_arg<29> |result<10>     |  172.407|
vector_arg<29> |result<11>     |  171.555|
vector_arg<29> |result<12>     |  172.099|
vector_arg<29> |result<13>     |  172.498|
vector_arg<29> |result<14>     |  171.762|
vector_arg<29> |result<15>     |  172.088|
vector_arg<29> |result<16>     |  175.630|
vector_arg<29> |result<17>     |  175.538|
vector_arg<29> |result<18>     |  175.909|
vector_arg<29> |result<19>     |  175.770|
vector_arg<29> |result<20>     |  175.561|
vector_arg<29> |result<21>     |  175.854|
vector_arg<29> |result<22>     |  175.343|
vector_arg<29> |result<23>     |  175.814|
vector_arg<29> |result<24>     |  175.561|
vector_arg<29> |result<25>     |  175.695|
vector_arg<29> |result<26>     |  175.473|
vector_arg<29> |result<27>     |  175.359|
vector_arg<29> |result<28>     |  175.880|
vector_arg<29> |result<29>     |  175.547|
vector_arg<29> |result<30>     |  175.852|
vector_arg<29> |result<31>     |  175.905|
vector_arg<30> |result<0>      |  171.504|
vector_arg<30> |result<1>      |  171.298|
vector_arg<30> |result<2>      |  171.706|
vector_arg<30> |result<3>      |  171.638|
vector_arg<30> |result<4>      |  171.772|
vector_arg<30> |result<5>      |  172.015|
vector_arg<30> |result<6>      |  171.908|
vector_arg<30> |result<7>      |  171.774|
vector_arg<30> |result<8>      |  172.029|
vector_arg<30> |result<9>      |  171.966|
vector_arg<30> |result<10>     |  172.402|
vector_arg<30> |result<11>     |  171.550|
vector_arg<30> |result<12>     |  172.094|
vector_arg<30> |result<13>     |  172.493|
vector_arg<30> |result<14>     |  171.757|
vector_arg<30> |result<15>     |  172.083|
vector_arg<30> |result<16>     |  175.625|
vector_arg<30> |result<17>     |  175.533|
vector_arg<30> |result<18>     |  175.904|
vector_arg<30> |result<19>     |  175.765|
vector_arg<30> |result<20>     |  175.556|
vector_arg<30> |result<21>     |  175.849|
vector_arg<30> |result<22>     |  175.338|
vector_arg<30> |result<23>     |  175.809|
vector_arg<30> |result<24>     |  175.556|
vector_arg<30> |result<25>     |  175.690|
vector_arg<30> |result<26>     |  175.468|
vector_arg<30> |result<27>     |  175.354|
vector_arg<30> |result<28>     |  175.875|
vector_arg<30> |result<29>     |  175.542|
vector_arg<30> |result<30>     |  175.847|
vector_arg<30> |result<31>     |  175.900|
vector_arg<31> |result<0>      |  171.435|
vector_arg<31> |result<1>      |  171.229|
vector_arg<31> |result<2>      |  171.637|
vector_arg<31> |result<3>      |  171.569|
vector_arg<31> |result<4>      |  171.703|
vector_arg<31> |result<5>      |  171.946|
vector_arg<31> |result<6>      |  171.839|
vector_arg<31> |result<7>      |  171.705|
vector_arg<31> |result<8>      |  171.960|
vector_arg<31> |result<9>      |  171.897|
vector_arg<31> |result<10>     |  172.333|
vector_arg<31> |result<11>     |  171.481|
vector_arg<31> |result<12>     |  172.025|
vector_arg<31> |result<13>     |  172.424|
vector_arg<31> |result<14>     |  171.688|
vector_arg<31> |result<15>     |  172.014|
vector_arg<31> |result<16>     |  175.556|
vector_arg<31> |result<17>     |  175.464|
vector_arg<31> |result<18>     |  175.835|
vector_arg<31> |result<19>     |  175.696|
vector_arg<31> |result<20>     |  175.487|
vector_arg<31> |result<21>     |  175.780|
vector_arg<31> |result<22>     |  175.269|
vector_arg<31> |result<23>     |  175.740|
vector_arg<31> |result<24>     |  175.487|
vector_arg<31> |result<25>     |  175.621|
vector_arg<31> |result<26>     |  175.399|
vector_arg<31> |result<27>     |  175.285|
vector_arg<31> |result<28>     |  175.806|
vector_arg<31> |result<29>     |  175.473|
vector_arg<31> |result<30>     |  175.778|
vector_arg<31> |result<31>     |  175.831|
---------------+---------------+---------+


Analysis completed Sun Aug 11 18:47:48 2013 
--------------------------------------------------------------------------------

Trace Settings:
-------------------------
Trace Settings 

Peak Memory Usage: 365 MB



